Archive member included to satisfy reference by file (symbol)

C:/ST/STM32CubeIDE_2.2.0/STM32CubeIDE/plugins/com.st.stm32cube.ide.mcu.externaltools.gnu-tools-for-stm32.14.3.rel1.win32_1.0.100.202602081740/tools/bin/../lib/gcc/arm-none-eabi/14.3.1/../../../../arm-none-eabi/lib/thumb/v7e-m+dp/hard\libc_nano.a(libc_a-exit.o)
                              C:/ST/STM32CubeIDE_2.2.0/STM32CubeIDE/plugins/com.st.stm32cube.ide.mcu.externaltools.gnu-tools-for-stm32.14.3.rel1.win32_1.0.100.202602081740/tools/bin/../lib/gcc/arm-none-eabi/14.3.1/../../../../arm-none-eabi/lib/thumb/v7e-m+dp/hard/crt0.o (exit)
C:/ST/STM32CubeIDE_2.2.0/STM32CubeIDE/plugins/com.st.stm32cube.ide.mcu.externaltools.gnu-tools-for-stm32.14.3.rel1.win32_1.0.100.202602081740/tools/bin/../lib/gcc/arm-none-eabi/14.3.1/../../../../arm-none-eabi/lib/thumb/v7e-m+dp/hard\libc_nano.a(libc_a-findfp.o)
                              C:/ST/STM32CubeIDE_2.2.0/STM32CubeIDE/plugins/com.st.stm32cube.ide.mcu.externaltools.gnu-tools-for-stm32.14.3.rel1.win32_1.0.100.202602081740/tools/bin/../lib/gcc/arm-none-eabi/14.3.1/../../../../arm-none-eabi/lib/thumb/v7e-m+dp/hard\libc_nano.a(libc_a-exit.o) (__stdio_exit_handler)
C:/ST/STM32CubeIDE_2.2.0/STM32CubeIDE/plugins/com.st.stm32cube.ide.mcu.externaltools.gnu-tools-for-stm32.14.3.rel1.win32_1.0.100.202602081740/tools/bin/../lib/gcc/arm-none-eabi/14.3.1/../../../../arm-none-eabi/lib/thumb/v7e-m+dp/hard\libc_nano.a(libc_a-fwalk.o)
                              C:/ST/STM32CubeIDE_2.2.0/STM32CubeIDE/plugins/com.st.stm32cube.ide.mcu.externaltools.gnu-tools-for-stm32.14.3.rel1.win32_1.0.100.202602081740/tools/bin/../lib/gcc/arm-none-eabi/14.3.1/../../../../arm-none-eabi/lib/thumb/v7e-m+dp/hard\libc_nano.a(libc_a-findfp.o) (_fwalk_sglue)
C:/ST/STM32CubeIDE_2.2.0/STM32CubeIDE/plugins/com.st.stm32cube.ide.mcu.externaltools.gnu-tools-for-stm32.14.3.rel1.win32_1.0.100.202602081740/tools/bin/../lib/gcc/arm-none-eabi/14.3.1/../../../../arm-none-eabi/lib/thumb/v7e-m+dp/hard\libc_nano.a(libc_a-stdio.o)
                              C:/ST/STM32CubeIDE_2.2.0/STM32CubeIDE/plugins/com.st.stm32cube.ide.mcu.externaltools.gnu-tools-for-stm32.14.3.rel1.win32_1.0.100.202602081740/tools/bin/../lib/gcc/arm-none-eabi/14.3.1/../../../../arm-none-eabi/lib/thumb/v7e-m+dp/hard\libc_nano.a(libc_a-findfp.o) (__sread)
C:/ST/STM32CubeIDE_2.2.0/STM32CubeIDE/plugins/com.st.stm32cube.ide.mcu.externaltools.gnu-tools-for-stm32.14.3.rel1.win32_1.0.100.202602081740/tools/bin/../lib/gcc/arm-none-eabi/14.3.1/../../../../arm-none-eabi/lib/thumb/v7e-m+dp/hard\libc_nano.a(libc_a-vsnprintf.o)
                              ./Core/Src/main.o (vsnprintf)
C:/ST/STM32CubeIDE_2.2.0/STM32CubeIDE/plugins/com.st.stm32cube.ide.mcu.externaltools.gnu-tools-for-stm32.14.3.rel1.win32_1.0.100.202602081740/tools/bin/../lib/gcc/arm-none-eabi/14.3.1/../../../../arm-none-eabi/lib/thumb/v7e-m+dp/hard\libc_nano.a(libc_a-memset.o)
                              C:/ST/STM32CubeIDE_2.2.0/STM32CubeIDE/plugins/com.st.stm32cube.ide.mcu.externaltools.gnu-tools-for-stm32.14.3.rel1.win32_1.0.100.202602081740/tools/bin/../lib/gcc/arm-none-eabi/14.3.1/../../../../arm-none-eabi/lib/thumb/v7e-m+dp/hard/crt0.o (memset)
C:/ST/STM32CubeIDE_2.2.0/STM32CubeIDE/plugins/com.st.stm32cube.ide.mcu.externaltools.gnu-tools-for-stm32.14.3.rel1.win32_1.0.100.202602081740/tools/bin/../lib/gcc/arm-none-eabi/14.3.1/../../../../arm-none-eabi/lib/thumb/v7e-m+dp/hard\libc_nano.a(libc_a-closer.o)
                              C:/ST/STM32CubeIDE_2.2.0/STM32CubeIDE/plugins/com.st.stm32cube.ide.mcu.externaltools.gnu-tools-for-stm32.14.3.rel1.win32_1.0.100.202602081740/tools/bin/../lib/gcc/arm-none-eabi/14.3.1/../../../../arm-none-eabi/lib/thumb/v7e-m+dp/hard\libc_nano.a(libc_a-stdio.o) (_close_r)
C:/ST/STM32CubeIDE_2.2.0/STM32CubeIDE/plugins/com.st.stm32cube.ide.mcu.externaltools.gnu-tools-for-stm32.14.3.rel1.win32_1.0.100.202602081740/tools/bin/../lib/gcc/arm-none-eabi/14.3.1/../../../../arm-none-eabi/lib/thumb/v7e-m+dp/hard\libc_nano.a(libc_a-reent.o)
                              C:/ST/STM32CubeIDE_2.2.0/STM32CubeIDE/plugins/com.st.stm32cube.ide.mcu.externaltools.gnu-tools-for-stm32.14.3.rel1.win32_1.0.100.202602081740/tools/bin/../lib/gcc/arm-none-eabi/14.3.1/../../../../arm-none-eabi/lib/thumb/v7e-m+dp/hard\libc_nano.a(libc_a-closer.o) (errno)
C:/ST/STM32CubeIDE_2.2.0/STM32CubeIDE/plugins/com.st.stm32cube.ide.mcu.externaltools.gnu-tools-for-stm32.14.3.rel1.win32_1.0.100.202602081740/tools/bin/../lib/gcc/arm-none-eabi/14.3.1/../../../../arm-none-eabi/lib/thumb/v7e-m+dp/hard\libc_nano.a(libc_a-impure.o)
                              C:/ST/STM32CubeIDE_2.2.0/STM32CubeIDE/plugins/com.st.stm32cube.ide.mcu.externaltools.gnu-tools-for-stm32.14.3.rel1.win32_1.0.100.202602081740/tools/bin/../lib/gcc/arm-none-eabi/14.3.1/../../../../arm-none-eabi/lib/thumb/v7e-m+dp/hard\libc_nano.a(libc_a-vsnprintf.o) (_impure_ptr)
[...]
Memory Configuration

Name             Origin             Length             Attributes
FLASH            0x08000000         0x00200000         xr
DTCMRAM          0x20000000         0x00020000         xrw
RAM_D1           0x24000000         0x00080000         xrw
RAM_D2           0x30000000         0x00048000         xrw
RAM_D3           0x38000000         0x00010000         xrw
ITCMRAM          0x00000000         0x00010000         xrw
*default*        0x00000000         0xffffffff

Linker script and memory map

LOAD C:/ST/STM32CubeIDE_2.2.0/STM32CubeIDE/plugins/com.st.stm32cube.ide.mcu.externaltools.gnu-tools-for-stm32.14.3.rel1.win32_1.0.100.202602081740/tools/bin/../lib/gcc/arm-none-eabi/14.3.1/thumb/v7e-m+dp/hard/crti.o
LOAD C:/ST/STM32CubeIDE_2.2.0/STM32CubeIDE/plugins/com.st.stm32cube.ide.mcu.externaltools.gnu-tools-for-stm32.14.3.rel1.win32_1.0.100.202602081740/tools/bin/../lib/gcc/arm-none-eabi/14.3.1/thumb/v7e-m+dp/hard/crtbegin.o
LOAD C:/ST/STM32CubeIDE_2.2.0/STM32CubeIDE/plugins/com.st.stm32cube.ide.mcu.externaltools.gnu-tools-for-stm32.14.3.rel1.win32_1.0.100.202602081740/tools/bin/../lib/gcc/arm-none-eabi/14.3.1/../../../../arm-none-eabi/lib/thumb/v7e-m+dp/hard/crt0.o
LOAD ./Core/Src/dcmi.o
LOAD ./Core/Src/dma.o
LOAD ./Core/Src/gpio.o
LOAD ./Core/Src/i2c.o
LOAD ./Core/Src/main.o
LOAD ./Core/Src/ov2640.o
LOAD ./Core/Src/ov2640_io.o
LOAD ./Core/Src/stm32h7xx_hal_msp.o
LOAD ./Core/Src/stm32h7xx_it.o
LOAD ./Core/Src/syscalls.o
LOAD ./Core/Src/sysmem.o
LOAD ./Core/Src/system_stm32h7xx.o
LOAD ./Core/Src/test_data.o
LOAD ./Core/Src/tim.o
LOAD ./Core/Src/usart.o
LOAD ./Core/Startup/startup_stm32h743xihx.o
LOAD ./Drivers/STM32H7xx_HAL_Driver/Src/stm32h7xx_hal.o
LOAD ./Drivers/STM32H7xx_HAL_Driver/Src/stm32h7xx_hal_cortex.o
LOAD ./Drivers/STM32H7xx_HAL_Driver/Src/stm32h7xx_hal_dcmi.o
LOAD ./Drivers/STM32H7xx_HAL_Driver/Src/stm32h7xx_hal_dma.o
LOAD ./Drivers/STM32H7xx_HAL_Driver/Src/stm32h7xx_hal_dma_ex.o
LOAD ./Drivers/STM32H7xx_HAL_Driver/Src/stm32h7xx_hal_exti.o
LOAD ./Drivers/STM32H7xx_HAL_Driver/Src/stm32h7xx_hal_flash.o
LOAD ./Drivers/STM32H7xx_HAL_Driver/Src/stm32h7xx_hal_flash_ex.o
LOAD ./Drivers/STM32H7xx_HAL_Driver/Src/stm32h7xx_hal_gpio.o
LOAD ./Drivers/STM32H7xx_HAL_Driver/Src/stm32h7xx_hal_hsem.o
LOAD ./Drivers/STM32H7xx_HAL_Driver/Src/stm32h7xx_hal_i2c.o
LOAD ./Drivers/STM32H7xx_HAL_Driver/Src/stm32h7xx_hal_i2c_ex.o
LOAD ./Drivers/STM32H7xx_HAL_Driver/Src/stm32h7xx_hal_mdma.o
LOAD ./Drivers/STM32H7xx_HAL_Driver/Src/stm32h7xx_hal_pwr.o
LOAD ./Drivers/STM32H7xx_HAL_Driver/Src/stm32h7xx_hal_pwr_ex.o
LOAD ./Drivers/STM32H7xx_HAL_Driver/Src/stm32h7xx_hal_rcc.o
LOAD ./Drivers/STM32H7xx_HAL_Driver/Src/stm32h7xx_hal_rcc_ex.o
LOAD ./Drivers/STM32H7xx_HAL_Driver/Src/stm32h7xx_hal_tim.o
LOAD ./Drivers/STM32H7xx_HAL_Driver/Src/stm32h7xx_hal_tim_ex.o
LOAD ./Drivers/STM32H7xx_HAL_Driver/Src/stm32h7xx_hal_uart.o
LOAD ./Drivers/STM32H7xx_HAL_Driver/Src/stm32h7xx_hal_uart_ex.o
START GROUP
LOAD C:/ST/STM32CubeIDE_2.2.0/STM32CubeIDE/plugins/com.st.stm32cube.ide.mcu.externaltools.gnu-tools-for-stm32.14.3.rel1.win32_1.0.100.202602081740/tools/bin/../lib/gcc/arm-none-eabi/14.3.1/../../../../arm-none-eabi/lib/thumb/v7e-m+dp/hard\libc_nano.a
LOAD C:/ST/STM32CubeIDE_2.2.0/STM32CubeIDE/plugins/com.st.stm32cube.ide.mcu.externaltools.gnu-tools-for-stm32.14.3.rel1.win32_1.0.100.202602081740/tools/bin/../lib/gcc/arm-none-eabi/14.3.1/../../../../arm-none-eabi/lib/thumb/v7e-m+dp/hard\libm.a
END GROUP
START GROUP
LOAD C:/ST/STM32CubeIDE_2.2.0/STM32CubeIDE/plugins/com.st.stm32cube.ide.mcu.externaltools.gnu-tools-for-stm32.14.3.rel1.win32_1.0.100.202602081740/tools/bin/../lib/gcc/arm-none-eabi/14.3.1/thumb/v7e-m+dp/hard\libgcc.a
LOAD C:/ST/STM32CubeIDE_2.2.0/STM32CubeIDE/plugins/com.st.stm32cube.ide.mcu.externaltools.gnu-tools-for-stm32.14.3.rel1.win32_1.0.100.202602081740/tools/bin/../lib/gcc/arm-none-eabi/14.3.1/../../../../arm-none-eabi/lib/thumb/v7e-m+dp/hard\libc_nano.a
END GROUP
START GROUP
LOAD C:/ST/STM32CubeIDE_2.2.0/STM32CubeIDE/plugins/com.st.stm32cube.ide.mcu.externaltools.gnu-tools-for-stm32.14.3.rel1.win32_1.0.100.202602081740/tools/bin/../lib/gcc/arm-none-eabi/14.3.1/thumb/v7e-m+dp/hard\libgcc.a
LOAD C:/ST/STM32CubeIDE_2.2.0/STM32CubeIDE/plugins/com.st.stm32cube.ide.mcu.externaltools.gnu-tools-for-stm32.14.3.rel1.win32_1.0.100.202602081740/tools/bin/../lib/gcc/arm-none-eabi/14.3.1/../../../../arm-none-eabi/lib/thumb/v7e-m+dp/hard\libc_nano.a
LOAD C:/ST/STM32CubeIDE_2.2.0/STM32CubeIDE/plugins/com.st.stm32cube.ide.mcu.externaltools.gnu-tools-for-stm32.14.3.rel1.win32_1.0.100.202602081740/tools/bin/../lib/gcc/arm-none-eabi/14.3.1/../../../../arm-none-eabi/lib/thumb/v7e-m+dp/hard\libnosys.a
END GROUP
START GROUP
LOAD C:/ST/STM32CubeIDE_2.2.0/STM32CubeIDE/plugins/com.st.stm32cube.ide.mcu.externaltools.gnu-tools-for-stm32.14.3.rel1.win32_1.0.100.202602081740/tools/bin/../lib/gcc/arm-none-eabi/14.3.1/thumb/v7e-m+dp/hard\libgcc.a
LOAD C:/ST/STM32CubeIDE_2.2.0/STM32CubeIDE/plugins/com.st.stm32cube.ide.mcu.externaltools.gnu-tools-for-stm32.14.3.rel1.win32_1.0.100.202602081740/tools/bin/../lib/gcc/arm-none-eabi/14.3.1/../../../../arm-none-eabi/lib/thumb/v7e-m+dp/hard\libc_nano.a
LOAD C:/ST/STM32CubeIDE_2.2.0/STM32CubeIDE/plugins/com.st.stm32cube.ide.mcu.externaltools.gnu-tools-for-stm32.14.3.rel1.win32_1.0.100.202602081740/tools/bin/../lib/gcc/arm-none-eabi/14.3.1/../../../../arm-none-eabi/lib/thumb/v7e-m+dp/hard\libnosys.a
END GROUP
LOAD C:/ST/STM32CubeIDE_2.2.0/STM32CubeIDE/plugins/com.st.stm32cube.ide.mcu.externaltools.gnu-tools-for-stm32.14.3.rel1.win32_1.0.100.202602081740/tools/bin/../lib/gcc/arm-none-eabi/14.3.1/thumb/v7e-m+dp/hard/crtend.o
LOAD C:/ST/STM32CubeIDE_2.2.0/STM32CubeIDE/plugins/com.st.stm32cube.ide.mcu.externaltools.gnu-tools-for-stm32.14.3.rel1.win32_1.0.100.202602081740/tools/bin/../lib/gcc/arm-none-eabi/14.3.1/thumb/v7e-m+dp/hard/crtn.o
                0x24080000                        _estack = (ORIGIN (RAM_D1) + LENGTH (RAM_D1))
                0x00000200                        _Min_Heap_Size = 0x200
                0x00000400                        _Min_Stack_Size = 0x400

.isr_vector     0x08000000      0x298
                0x08000000                        . = ALIGN (0x4)
 *(.isr_vector)
 .isr_vector    0x08000000      0x298 ./Core/Startup/startup_stm32h743xihx.o
                0x08000000                g_pfnVectors
                0x08000298                        . = ALIGN (0x4)

.text           0x080002a0     0xc1e8
                0x080002a0                        . = ALIGN (0x4)
 *(.text)
 .text          0x080002a0       0x40 C:/ST/STM32CubeIDE_2.2.0/STM32CubeIDE/plugins/com.st.stm32cube.ide.mcu.externaltools.gnu-tools-for-stm32.14.3.rel1.win32_1.0.100.202602081740/tools/bin/../lib/gcc/arm-none-eabi/14.3.1/thumb/v7e-m+dp/hard/crtbegin.o
 .text          0x080002e0       0xa0 C:/ST/STM32CubeIDE_2.2.0/STM32CubeIDE/plugins/com.st.stm32cube.ide.mcu.externaltools.gnu-tools-for-stm32.14.3.rel1.win32_1.0.100.202602081740/tools/bin/../lib/gcc/arm-none-eabi/14.3.1/../../../../arm-none-eabi/lib/thumb/v7e-m+dp/hard\libc_nano.a(libc_a-memchr.o)
                0x080002e0                memchr
 .text          0x08000380       0x30 C:/ST/STM32CubeIDE_2.2.0/STM32CubeIDE/plugins/com.st.stm32cube.ide.mcu.externaltools.gnu-tools-for-stm32.14.3.rel1.win32_1.0.100.202602081740/tools/bin/../lib/gcc/arm-none-eabi/14.3.1/thumb/v7e-m+dp/hard\libgcc.a(_aeabi_uldivmod.o)
                0x08000380                __aeabi_uldivmod
 .text          0x080003b0      0x2f8 C:/ST/STM32CubeIDE_2.2.0/STM32CubeIDE/plugins/com.st.stm32cube.ide.mcu.externaltools.gnu-tools-for-stm32.14.3.rel1.win32_1.0.100.202602081740/tools/bin/../lib/gcc/arm-none-eabi/14.3.1/thumb/v7e-m+dp/hard\libgcc.a(_udivmoddi4.o)
                0x080003b0                __udivmoddi4
 .text          0x080006a8        0x4 C:/ST/STM32CubeIDE_2.2.0/STM32CubeIDE/plugins/com.st.stm32cube.ide.mcu.externaltools.gnu-tools-for-stm32.14.3.rel1.win32_1.0.100.202602081740/tools/bin/../lib/gcc/arm-none-eabi/14.3.1/thumb/v7e-m+dp/hard\libgcc.a(_dvmd_tls.o)
                0x080006a8                __aeabi_idiv0
                0x080006a8                __aeabi_ldiv0
 *(.text*)
 .text.MX_DCMI_Init
                0x080006ac       0x68 ./Core/Src/dcmi.o
                0x080006ac                MX_DCMI_Init
 .text.HAL_DCMI_MspInit
                0x08000714      0x22c ./Core/Src/dcmi.o
                0x08000714                HAL_DCMI_MspInit
 .text.MX_DMA_Init
                0x08000940       0x40 ./Core/Src/dma.o
                0x08000940                MX_DMA_Init
 .text.MX_GPIO_Init
                0x08000980      0x184 ./Core/Src/gpio.o
                0x08000980                MX_GPIO_Init
 .text.MX_I2C1_Init
                0x08000b04       0x80 ./Core/Src/i2c.o
                0x08000b04                MX_I2C1_Init
 .text.HAL_I2C_MspInit
                0x08000b84       0xd0 ./Core/Src/i2c.o
                0x08000b84                HAL_I2C_MspInit
 .text.UART_Printf
                0x08000c54       0x60 ./Core/Src/main.o
                0x08000c54                UART_Printf
 .text.Camera_StartCapture
                0x08000cb4       0x20 ./Core/Src/main.o
 .text.Camera_SetMode
                0x08000cd4       0x40 ./Core/Src/main.o
                0x08000cd4                Camera_SetMode
 .text.Camera_SendFrameToPC
                0x08000d14       0x60 ./Core/Src/main.o
 .text.main     0x08000d74      0x1b8 ./Core/Src/main.o
                0x08000d74                main
 .text.SystemClock_Config
                0x08000f2c      0x100 ./Core/Src/main.o
                0x08000f2c                SystemClock_Config
 .text.HAL_DCMI_FrameEventCallback
                0x0800102c       0x20 ./Core/Src/main.o
                0x0800102c                HAL_DCMI_FrameEventCallback
 .text.HAL_DCMI_ErrorCallback
                0x0800104c       0x28 ./Core/Src/main.o
                0x0800104c                HAL_DCMI_ErrorCallback
 .text.MPU_Config
                0x08001074       0x12 ./Core/Src/main.o
 .text.Error_Handler
                0x08001086        0xc ./Core/Src/main.o
                0x08001086                Error_Handler
 *fill*         0x08001092        0x2 
 .text.ov2640_Init
                0x08001094      0x144 ./Core/Src/ov2640.o
                0x08001094                ov2640_Init
 .text.ov2640_Config
                0x080011d8      0x180 ./Core/Src/ov2640.o
                0x080011d8                ov2640_Config
 .text.ov2640_ReadID
                0x08001358       0x32 ./Core/Src/ov2640.o
                0x08001358                ov2640_ReadID
 *fill*         0x0800138a        0x2 
 .text.ov2640_ConvertValue
                0x0800138c      0x148 ./Core/Src/ov2640.o
 .text.CAMERA_IO_Init
                0x080014d4        0xe ./Core/Src/ov2640_io.o
                0x080014d4                CAMERA_IO_Init
 *fill*         0x080014e2        0x2 
 .text.CAMERA_IO_Write
                0x080014e4       0x38 ./Core/Src/ov2640_io.o
                0x080014e4                CAMERA_IO_Write
 .text.CAMERA_IO_Read
                0x0800151c       0x40 ./Core/Src/ov2640_io.o
                0x0800151c                CAMERA_IO_Read
 .text.CAMERA_Delay
                0x0800155c       0x16 ./Core/Src/ov2640_io.o
                0x0800155c                CAMERA_Delay
 *fill*         0x08001572        0x2 
 .text.HAL_MspInit
                0x08001574       0x34 ./Core/Src/stm32h7xx_hal_msp.o
                0x08001574                HAL_MspInit
 .text.NMI_Handler
                0x080015a8        0x8 ./Core/Src/stm32h7xx_it.o
                0x080015a8                NMI_Handler
 .text.HardFault_Handler
                0x080015b0        0x8 ./Core/Src/stm32h7xx_it.o
                0x080015b0                HardFault_Handler
 .text.MemManage_Handler
                0x080015b8        0x8 ./Core/Src/stm32h7xx_it.o
                0x080015b8                MemManage_Handler
 .text.BusFault_Handler
                0x080015c0        0x8 ./Core/Src/stm32h7xx_it.o
                0x080015c0                BusFault_Handler
 .text.UsageFault_Handler
                0x080015c8        0x8 ./Core/Src/stm32h7xx_it.o
                0x080015c8                UsageFault_Handler
 .text.SVC_Handler
                0x080015d0        0xe ./Core/Src/stm32h7xx_it.o
                0x080015d0                SVC_Handler
 .text.DebugMon_Handler
                0x080015de        0xe ./Core/Src/stm32h7xx_it.o
                0x080015de                DebugMon_Handler
 .text.PendSV_Handler
                0x080015ec        0xe ./Core/Src/stm32h7xx_it.o
                0x080015ec                PendSV_Handler
 .text.SysTick_Handler
                0x080015fa        0xc ./Core/Src/stm32h7xx_it.o
                0x080015fa                SysTick_Handler
 *fill*         0x08001606        0x2 
 .text.DMA1_Stream0_IRQHandler
                0x08001608       0x14 ./Core/Src/stm32h7xx_it.o
                0x08001608                DMA1_Stream0_IRQHandler
 .text.DCMI_IRQHandler
                0x0800161c       0x14 ./Core/Src/stm32h7xx_it.o
                0x0800161c                DCMI_IRQHandler
 .text._sbrk    0x08001630       0x6c ./Core/Src/sysmem.o
                0x08001630                _sbrk
 .text.SystemInit
                0x0800169c      0x140 ./Core/Src/system_stm32h7xx.o
                0x0800169c                SystemInit
 .text.ExitRun0Mode
                0x080017dc       0x18 ./Core/Src/system_stm32h7xx.o
                0x080017dc                ExitRun0Mode
 .text.MX_TIM2_Init
                0x080017f4      0x104 ./Core/Src/tim.o
                0x080017f4                MX_TIM2_Init
 .text.HAL_TIM_Base_MspInit
                0x080018f8       0x40 ./Core/Src/tim.o
                0x080018f8                HAL_TIM_Base_MspInit
 .text.HAL_TIM_MspPostInit
                0x08001938       0xb4 ./Core/Src/tim.o
                0x08001938                HAL_TIM_MspPostInit
 .text.MX_USART1_UART_Init
                0x080019ec       0x98 ./Core/Src/usart.o
                0x080019ec                MX_USART1_UART_Init
 .text.HAL_UART_MspInit
                0x08001a84       0xd4 ./Core/Src/usart.o
                0x08001a84                HAL_UART_MspInit
 .text.Reset_Handler
                0x08001b58       0x54 ./Core/Startup/startup_stm32h743xihx.o
                0x08001b58                Reset_Handler
 .text.Default_Handler
                0x08001bac        0x2 ./Core/Startup/startup_stm32h743xihx.o
                0x08001bac                RTC_Alarm_IRQHandler
                0x08001bac                EXTI2_IRQHandler
                0x08001bac                TIM8_CC_IRQHandler
                0x08001bac                HRTIM1_Master_IRQHandler
                0x08001bac                UART8_IRQHandler
                0x08001bac                SPI4_IRQHandler
                0x08001bac                TIM1_CC_IRQHandler
                0x08001bac                BDMA_Channel6_IRQHandler
                0x08001bac                DMA2_Stream5_IRQHandler
                0x08001bac                HRTIM1_FLT_IRQHandler
                0x08001bac                JPEG_IRQHandler
                0x08001bac                DMA1_Stream5_IRQHandler
                0x08001bac                BDMA_Channel1_IRQHandler
                0x08001bac                HRTIM1_TIMD_IRQHandler
                0x08001bac                TAMP_STAMP_IRQHandler
                0x08001bac                EXTI3_IRQHandler
                0x08001bac                LPTIM4_IRQHandler
                0x08001bac                TIM8_TRG_COM_TIM14_IRQHandler
                0x08001bac                LPTIM2_IRQHandler
                0x08001bac                DFSDM1_FLT1_IRQHandler
                0x08001bac                DMAMUX2_OVR_IRQHandler
                0x08001bac                TIM8_UP_TIM13_IRQHandler
                0x08001bac                I2C3_ER_IRQHandler
                0x08001bac                DFSDM1_FLT2_IRQHandler
                0x08001bac                MDMA_IRQHandler
                0x08001bac                LPTIM3_IRQHandler
                0x08001bac                HSEM1_IRQHandler
                0x08001bac                EXTI0_IRQHandler
                0x08001bac                I2C2_EV_IRQHandler
                0x08001bac                DMA1_Stream2_IRQHandler
                0x08001bac                FPU_IRQHandler
                0x08001bac                OTG_HS_WKUP_IRQHandler
                0x08001bac                FDCAN1_IT1_IRQHandler
                0x08001bac                LTDC_ER_IRQHandler
                0x08001bac                DMA2_Stream2_IRQHandler
                0x08001bac                HRTIM1_TIME_IRQHandler
                0x08001bac                SPI1_IRQHandler
                0x08001bac                TIM6_DAC_IRQHandler
                0x08001bac                HRTIM1_TIMC_IRQHandler
                0x08001bac                DMA2_Stream3_IRQHandler
                0x08001bac                SAI2_IRQHandler
                0x08001bac                DFSDM1_FLT3_IRQHandler
                0x08001bac                USART6_IRQHandler
                0x08001bac                TIM17_IRQHandler
                0x08001bac                USART3_IRQHandler
                0x08001bac                BDMA_Channel7_IRQHandler
                0x08001bac                LPTIM5_IRQHandler
                0x08001bac                UART5_IRQHandler
                0x08001bac                ADC3_IRQHandler
                0x08001bac                DMA2_Stream0_IRQHandler
                0x08001bac                TIM4_IRQHandler
                0x08001bac                BDMA_Channel2_IRQHandler
                0x08001bac                QUADSPI_IRQHandler
                0x08001bac                I2C1_EV_IRQHandler
                0x08001bac                DMA1_Stream6_IRQHandler
                0x08001bac                DMAMUX1_OVR_IRQHandler
                0x08001bac                DMA1_Stream1_IRQHandler
                0x08001bac                TIM16_IRQHandler
                0x08001bac                UART4_IRQHandler
                0x08001bac                BDMA_Channel5_IRQHandler
                0x08001bac                TIM3_IRQHandler
                0x08001bac                RCC_IRQHandler
                0x08001bac                TIM8_BRK_TIM12_IRQHandler
                0x08001bac                TIM1_TRG_COM_IRQHandler
                0x08001bac                Default_Handler
                0x08001bac                ECC_IRQHandler
                0x08001bac                CEC_IRQHandler
                0x08001bac                EXTI15_10_IRQHandler
                0x08001bac                BDMA_Channel0_IRQHandler
                0x08001bac                ADC_IRQHandler
                0x08001bac                DMA1_Stream7_IRQHandler
                0x08001bac                HRTIM1_TIMA_IRQHandler
                0x08001bac                SPI5_IRQHandler
                0x08001bac                TIM7_IRQHandler
                0x08001bac                SDMMC1_IRQHandler
                0x08001bac                TIM5_IRQHandler
                0x08001bac                DMA2_Stream7_IRQHandler
                0x08001bac                TIM15_IRQHandler
                0x08001bac                PVD_AVD_IRQHandler
                0x08001bac                I2C3_EV_IRQHandler
                0x08001bac                EXTI9_5_IRQHandler
                0x08001bac                RTC_WKUP_IRQHandler
                0x08001bac                LTDC_IRQHandler
                0x08001bac                SAI3_IRQHandler
                0x08001bac                ETH_WKUP_IRQHandler
                0x08001bac                SPDIF_RX_IRQHandler
                0x08001bac                SPI2_IRQHandler
                0x08001bac                OTG_HS_EP1_IN_IRQHandler
                0x08001bac                CRS_IRQHandler
                0x08001bac                EXTI4_IRQHandler
                0x08001bac                RNG_IRQHandler
                0x08001bac                HRTIM1_TIMB_IRQHandler
                0x08001bac                FDCAN2_IT1_IRQHandler
                0x08001bac                ETH_IRQHandler
                0x08001bac                TIM1_UP_IRQHandler
                0x08001bac                BDMA_Channel4_IRQHandler
                0x08001bac                OTG_HS_EP1_OUT_IRQHandler
                0x08001bac                WWDG_IRQHandler
                0x08001bac                SPI6_IRQHandler
                0x08001bac                MDIOS_IRQHandler
                0x08001bac                I2C4_EV_IRQHandler
                0x08001bac                FDCAN2_IT0_IRQHandler
                0x08001bac                LPUART1_IRQHandler
                0x08001bac                FDCAN1_IT0_IRQHandler
                0x08001bac                TIM2_IRQHandler
                0x08001bac                OTG_FS_WKUP_IRQHandler
                0x08001bac                OTG_HS_IRQHandler
                0x08001bac                DMA2D_IRQHandler
                0x08001bac                TIM1_BRK_IRQHandler
                0x08001bac                EXTI1_IRQHandler
                0x08001bac                SDMMC2_IRQHandler
                0x08001bac                OTG_FS_EP1_OUT_IRQHandler
                0x08001bac                BDMA_Channel3_IRQHandler
                0x08001bac                UART7_IRQHandler
                0x08001bac                MDIOS_WKUP_IRQHandler
                0x08001bac                USART2_IRQHandler
                0x08001bac                DFSDM1_FLT0_IRQHandler
                0x08001bac                SAI4_IRQHandler
                0x08001bac                I2C2_ER_IRQHandler
                0x08001bac                DMA2_Stream1_IRQHandler
                0x08001bac                FLASH_IRQHandler
                0x08001bac                DMA2_Stream4_IRQHandler
                0x08001bac                USART1_IRQHandler
                0x08001bac                OTG_FS_IRQHandler
                0x08001bac                SPI3_IRQHandler
                0x08001bac                WAKEUP_PIN_IRQHandler
                0x08001bac                DMA1_Stream4_IRQHandler
                0x08001bac                OTG_FS_EP1_IN_IRQHandler
                0x08001bac                I2C1_ER_IRQHandler
                0x08001bac                FMC_IRQHandler
                0x08001bac                FDCAN_CAL_IRQHandler
                0x08001bac                SWPMI1_IRQHandler
                0x08001bac                COMP1_IRQHandler
                0x08001bac                LPTIM1_IRQHandler
                0x08001bac                I2C4_ER_IRQHandler
                0x08001bac                DMA2_Stream6_IRQHandler
                0x08001bac                SAI1_IRQHandler
                0x08001bac                DMA1_Stream3_IRQHandler
 *fill*         0x08001bae        0x2 
 .text.HAL_Init
                0x08001bb0       0x78 ./Drivers/STM32H7xx_HAL_Driver/Src/stm32h7xx_hal.o
                0x08001bb0                HAL_Init
 .text.HAL_InitTick
                0x08001c28       0x6c ./Drivers/STM32H7xx_HAL_Driver/Src/stm32h7xx_hal.o
                0x08001c28                HAL_InitTick
 .text.HAL_IncTick
                0x08001c94       0x28 ./Drivers/STM32H7xx_HAL_Driver/Src/stm32h7xx_hal.o
                0x08001c94                HAL_IncTick
 .text.HAL_GetTick
                0x08001cbc       0x18 ./Drivers/STM32H7xx_HAL_Driver/Src/stm32h7xx_hal.o
                0x08001cbc                HAL_GetTick
 .text.HAL_Delay
                0x08001cd4       0x48 ./Drivers/STM32H7xx_HAL_Driver/Src/stm32h7xx_hal.o
                0x08001cd4                HAL_Delay
 .text.HAL_GetREVID
                0x08001d1c       0x18 ./Drivers/STM32H7xx_HAL_Driver/Src/stm32h7xx_hal.o
                0x08001d1c                HAL_GetREVID
 .text.__NVIC_SetPriorityGrouping
                0x08001d34       0x48 ./Drivers/STM32H7xx_HAL_Driver/Src/stm32h7xx_hal_cortex.o
 .text.__NVIC_GetPriorityGrouping
                0x08001d7c       0x1c ./Drivers/STM32H7xx_HAL_Driver/Src/stm32h7xx_hal_cortex.o
 .text.__NVIC_EnableIRQ
                0x08001d98       0x3c ./Drivers/STM32H7xx_HAL_Driver/Src/stm32h7xx_hal_cortex.o
 .text.__NVIC_SetPriority
                0x08001dd4       0x54 ./Drivers/STM32H7xx_HAL_Driver/Src/stm32h7xx_hal_cortex.o
 .text.NVIC_EncodePriority
                0x08001e28       0x66 ./Drivers/STM32H7xx_HAL_Driver/Src/stm32h7xx_hal_cortex.o
 *fill*         0x08001e8e        0x2 
 .text.SysTick_Config
                0x08001e90       0x44 ./Drivers/STM32H7xx_HAL_Driver/Src/stm32h7xx_hal_cortex.o
 .text.HAL_NVIC_SetPriorityGrouping
                0x08001ed4       0x16 ./Drivers/STM32H7xx_HAL_Driver/Src/stm32h7xx_hal_cortex.o
                0x08001ed4                HAL_NVIC_SetPriorityGrouping
 .text.HAL_NVIC_SetPriority
                0x08001eea       0x34 ./Drivers/STM32H7xx_HAL_Driver/Src/stm32h7xx_hal_cortex.o
                0x08001eea                HAL_NVIC_SetPriority
 .text.HAL_NVIC_EnableIRQ
                0x08001f1e       0x1c ./Drivers/STM32H7xx_HAL_Driver/Src/stm32h7xx_hal_cortex.o
                0x08001f1e                HAL_NVIC_EnableIRQ
 .text.HAL_SYSTICK_Config
                0x08001f3a       0x18 ./Drivers/STM32H7xx_HAL_Driver/Src/stm32h7xx_hal_cortex.o
                0x08001f3a                HAL_SYSTICK_Config
 *fill*         0x08001f52        0x2 
 .text.HAL_MPU_Disable
                0x08001f54       0x30 ./Drivers/STM32H7xx_HAL_Driver/Src/stm32h7xx_hal_cortex.o
                0x08001f54                HAL_MPU_Disable
 .text.HAL_MPU_Enable
                0x08001f84       0x40 ./Drivers/STM32H7xx_HAL_Driver/Src/stm32h7xx_hal_cortex.o
                0x08001f84                HAL_MPU_Enable
 .text.HAL_DCMI_Init
                0x08001fc4       0xf4 ./Drivers/STM32H7xx_HAL_Driver/Src/stm32h7xx_hal_dcmi.o
                0x08001fc4                HAL_DCMI_Init
 .text.HAL_DCMI_Start_DMA
                0x080020b8      0x184 ./Drivers/STM32H7xx_HAL_Driver/Src/stm32h7xx_hal_dcmi.o
                0x080020b8                HAL_DCMI_Start_DMA
 .text.HAL_DCMI_Stop
                0x0800223c       0xc0 ./Drivers/STM32H7xx_HAL_Driver/Src/stm32h7xx_hal_dcmi.o
                0x0800223c                HAL_DCMI_Stop
 .text.HAL_DCMI_IRQHandler
                0x080022fc      0x104 ./Drivers/STM32H7xx_HAL_Driver/Src/stm32h7xx_hal_dcmi.o
                0x080022fc                HAL_DCMI_IRQHandler
 .text.HAL_DCMI_LineEventCallback
                0x08002400       0x14 ./Drivers/STM32H7xx_HAL_Driver/Src/stm32h7xx_hal_dcmi.o
                0x08002400                HAL_DCMI_LineEventCallback
 .text.HAL_DCMI_VsyncEventCallback
                0x08002414       0x14 ./Drivers/STM32H7xx_HAL_Driver/Src/stm32h7xx_hal_dcmi.o
                0x08002414                HAL_DCMI_VsyncEventCallback
 .text.DCMI_DMAXferCplt
                0x08002428      0x126 ./Drivers/STM32H7xx_HAL_Driver/Src/stm32h7xx_hal_dcmi.o
 .text.DCMI_DMAError
                0x0800254e       0x3a ./Drivers/STM32H7xx_HAL_Driver/Src/stm32h7xx_hal_dcmi.o
 .text.HAL_DMA_Init
                0x08002588      0x6b8 ./Drivers/STM32H7xx_HAL_Driver/Src/stm32h7xx_hal_dma.o
                0x08002588                HAL_DMA_Init
 .text.HAL_DMA_Start_IT
                0x08002c40      0x4d4 ./Drivers/STM32H7xx_HAL_Driver/Src/stm32h7xx_hal_dma.o
                0x08002c40                HAL_DMA_Start_IT
 .text.HAL_DMA_Abort
                0x08003114      0x63c ./Drivers/STM32H7xx_HAL_Driver/Src/stm32h7xx_hal_dma.o
                0x08003114                HAL_DMA_Abort
 .text.HAL_DMA_Abort_IT
                0x08003750      0x48c ./Drivers/STM32H7xx_HAL_Driver/Src/stm32h7xx_hal_dma.o
                0x08003750                HAL_DMA_Abort_IT
 .text.HAL_DMA_IRQHandler
                0x08003bdc      0xe54 ./Drivers/STM32H7xx_HAL_Driver/Src/stm32h7xx_hal_dma.o
                0x08003bdc                HAL_DMA_IRQHandler
 .text.DMA_SetConfig
                0x08004a30      0x358 ./Drivers/STM32H7xx_HAL_Driver/Src/stm32h7xx_hal_dma.o
 .text.DMA_CalcBaseAndBitshift
                0x08004d88      0x164 ./Drivers/STM32H7xx_HAL_Driver/Src/stm32h7xx_hal_dma.o
 .text.DMA_CheckFifoParam
                0x08004eec       0xf8 ./Drivers/STM32H7xx_HAL_Driver/Src/stm32h7xx_hal_dma.o
 .text.DMA_CalcDMAMUXChannelBaseAndMask
                0x08004fe4      0x134 ./Drivers/STM32H7xx_HAL_Driver/Src/stm32h7xx_hal_dma.o
 .text.DMA_CalcDMAMUXRequestGenBaseAndMask
                0x08005118       0xe8 ./Drivers/STM32H7xx_HAL_Driver/Src/stm32h7xx_hal_dma.o
 .text.HAL_DMAEx_MultiBufferStart_IT
                0x08005200      0x6bc ./Drivers/STM32H7xx_HAL_Driver/Src/stm32h7xx_hal_dma_ex.o
                0x08005200                HAL_DMAEx_MultiBufferStart_IT
 .text.HAL_DMAEx_ChangeMemory
                0x080058bc      0x138 ./Drivers/STM32H7xx_HAL_Driver/Src/stm32h7xx_hal_dma_ex.o
                0x080058bc                HAL_DMAEx_ChangeMemory
 .text.DMA_MultiBufferSetConfig
                0x080059f4      0x16c ./Drivers/STM32H7xx_HAL_Driver/Src/stm32h7xx_hal_dma_ex.o
 .text.HAL_GPIO_Init
                0x08005b60      0x374 ./Drivers/STM32H7xx_HAL_Driver/Src/stm32h7xx_hal_gpio.o
                0x08005b60                HAL_GPIO_Init
 .text.HAL_GPIO_WritePin
                0x08005ed4       0x32 ./Drivers/STM32H7xx_HAL_Driver/Src/stm32h7xx_hal_gpio.o
                0x08005ed4                HAL_GPIO_WritePin
 *fill*         0x08005f06        0x2 
 .text.HAL_I2C_Init
                0x08005f08      0x138 ./Drivers/STM32H7xx_HAL_Driver/Src/stm32h7xx_hal_i2c.o
                0x08005f08                HAL_I2C_Init
 .text.HAL_I2C_Mem_Write
                0x08006040      0x228 ./Drivers/STM32H7xx_HAL_Driver/Src/stm32h7xx_hal_i2c.o
                0x08006040                HAL_I2C_Mem_Write
 .text.HAL_I2C_Mem_Read
                0x08006268      0x234 ./Drivers/STM32H7xx_HAL_Driver/Src/stm32h7xx_hal_i2c.o
                0x08006268                HAL_I2C_Mem_Read
 .text.I2C_RequestMemoryWrite
                0x0800649c       0xa8 ./Drivers/STM32H7xx_HAL_Driver/Src/stm32h7xx_hal_i2c.o
 .text.I2C_RequestMemoryRead
                0x08006544       0xa8 ./Drivers/STM32H7xx_HAL_Driver/Src/stm32h7xx_hal_i2c.o
 .text.I2C_Flush_TXDR
                0x080065ec       0x48 ./Drivers/STM32H7xx_HAL_Driver/Src/stm32h7xx_hal_i2c.o
 .text.I2C_WaitOnFlagUntilTimeout
                0x08006634       0xb2 ./Drivers/STM32H7xx_HAL_Driver/Src/stm32h7xx_hal_i2c.o
 .text.I2C_WaitOnTXISFlagUntilTimeout
                0x080066e6       0x8e ./Drivers/STM32H7xx_HAL_Driver/Src/stm32h7xx_hal_i2c.o
 .text.I2C_WaitOnSTOPFlagUntilTimeout
                0x08006774       0x86 ./Drivers/STM32H7xx_HAL_Driver/Src/stm32h7xx_hal_i2c.o
 *fill*         0x080067fa        0x2 
 .text.I2C_IsErrorOccurred
                0x080067fc      0x1c0 ./Drivers/STM32H7xx_HAL_Driver/Src/stm32h7xx_hal_i2c.o
 .text.I2C_TransferConfig
                0x080069bc       0x64 ./Drivers/STM32H7xx_HAL_Driver/Src/stm32h7xx_hal_i2c.o
 .text.HAL_I2CEx_ConfigAnalogFilter
                0x08006a20       0x96 ./Drivers/STM32H7xx_HAL_Driver/Src/stm32h7xx_hal_i2c_ex.o
                0x08006a20                HAL_I2CEx_ConfigAnalogFilter
 .text.HAL_I2CEx_ConfigDigitalFilter
                0x08006ab6       0x98 ./Drivers/STM32H7xx_HAL_Driver/Src/stm32h7xx_hal_i2c_ex.o
                0x08006ab6                HAL_I2CEx_ConfigDigitalFilter
 *fill*         0x08006b4e        0x2 
 .text.HAL_PWREx_ConfigSupply
                0x08006b50       0x74 ./Drivers/STM32H7xx_HAL_Driver/Src/stm32h7xx_hal_pwr_ex.o
                0x08006b50                HAL_PWREx_ConfigSupply
 .text.HAL_RCC_OscConfig
                0x08006bc4      0x8b4 ./Drivers/STM32H7xx_HAL_Driver/Src/stm32h7xx_hal_rcc.o
                0x08006bc4                HAL_RCC_OscConfig
 .text.HAL_RCC_ClockConfig
                0x08007478      0x36c ./Drivers/STM32H7xx_HAL_Driver/Src/stm32h7xx_hal_rcc.o
                0x08007478                HAL_RCC_ClockConfig
 .text.HAL_RCC_MCOConfig
                0x080077e4       0xd4 ./Drivers/STM32H7xx_HAL_Driver/Src/stm32h7xx_hal_rcc.o
                0x080077e4                HAL_RCC_MCOConfig
 .text.HAL_RCC_GetSysClockFreq
                0x080078b8      0x2f4 ./Drivers/STM32H7xx_HAL_Driver/Src/stm32h7xx_hal_rcc.o
                0x080078b8                HAL_RCC_GetSysClockFreq
 .text.HAL_RCC_GetHCLKFreq
                0x08007bac       0x60 ./Drivers/STM32H7xx_HAL_Driver/Src/stm32h7xx_hal_rcc.o
                0x08007bac                HAL_RCC_GetHCLKFreq
 .text.HAL_RCC_GetPCLK1Freq
                0x08007c0c       0x2c ./Drivers/STM32H7xx_HAL_Driver/Src/stm32h7xx_hal_rcc.o
                0x08007c0c                HAL_RCC_GetPCLK1Freq
 .text.HAL_RCC_GetPCLK2Freq
                0x08007c38       0x2c ./Drivers/STM32H7xx_HAL_Driver/Src/stm32h7xx_hal_rcc.o
                0x08007c38                HAL_RCC_GetPCLK2Freq
 .text.HAL_RCCEx_PeriphCLKConfig
                0x08007c64     0x1414 ./Drivers/STM32H7xx_HAL_Driver/Src/stm32h7xx_hal_rcc_ex.o
                0x08007c64                HAL_RCCEx_PeriphCLKConfig
 .text.HAL_RCCEx_GetD3PCLK1Freq
                0x08009078       0x2c ./Drivers/STM32H7xx_HAL_Driver/Src/stm32h7xx_hal_rcc_ex.o
                0x08009078                HAL_RCCEx_GetD3PCLK1Freq
 .text.HAL_RCCEx_GetPLL2ClockFreq
                0x080090a4      0x2a8 ./Drivers/STM32H7xx_HAL_Driver/Src/stm32h7xx_hal_rcc_ex.o
                0x080090a4                HAL_RCCEx_GetPLL2ClockFreq
 .text.HAL_RCCEx_GetPLL3ClockFreq
                0x0800934c      0x2a8 ./Drivers/STM32H7xx_HAL_Driver/Src/stm32h7xx_hal_rcc_ex.o
                0x0800934c                HAL_RCCEx_GetPLL3ClockFreq
 .text.RCCEx_PLL2_Config
                0x080095f4      0x164 ./Drivers/STM32H7xx_HAL_Driver/Src/stm32h7xx_hal_rcc_ex.o
 .text.RCCEx_PLL3_Config
                0x08009758      0x164 ./Drivers/STM32H7xx_HAL_Driver/Src/stm32h7xx_hal_rcc_ex.o
 .text.HAL_TIM_Base_Init
                0x080098bc       0xae ./Drivers/STM32H7xx_HAL_Driver/Src/stm32h7xx_hal_tim.o
                0x080098bc                HAL_TIM_Base_Init
 .text.HAL_TIM_PWM_Init
                0x0800996a       0xae ./Drivers/STM32H7xx_HAL_Driver/Src/stm32h7xx_hal_tim.o
                0x0800996a                HAL_TIM_PWM_Init
 .text.HAL_TIM_PWM_MspInit
                0x08009a18       0x14 ./Drivers/STM32H7xx_HAL_Driver/Src/stm32h7xx_hal_tim.o
                0x08009a18                HAL_TIM_PWM_MspInit
 .text.HAL_TIM_PWM_ConfigChannel
                0x08009a2c      0x228 ./Drivers/STM32H7xx_HAL_Driver/Src/stm32h7xx_hal_tim.o
                0x08009a2c                HAL_TIM_PWM_ConfigChannel
 .text.HAL_TIM_ConfigClockSource
                0x08009c54      0x1f0 ./Drivers/STM32H7xx_HAL_Driver/Src/stm32h7xx_hal_tim.o
                0x08009c54                HAL_TIM_ConfigClockSource
 .text.TIM_Base_SetConfig
                0x08009e44      0x140 ./Drivers/STM32H7xx_HAL_Driver/Src/stm32h7xx_hal_tim.o
                0x08009e44                TIM_Base_SetConfig
 .text.TIM_OC1_SetConfig
                0x08009f84      0x124 ./Drivers/STM32H7xx_HAL_Driver/Src/stm32h7xx_hal_tim.o
 .text.TIM_OC2_SetConfig
                0x0800a0a8      0x118 ./Drivers/STM32H7xx_HAL_Driver/Src/stm32h7xx_hal_tim.o
                0x0800a0a8                TIM_OC2_SetConfig
 .text.TIM_OC3_SetConfig
                0x0800a1c0      0x114 ./Drivers/STM32H7xx_HAL_Driver/Src/stm32h7xx_hal_tim.o
 .text.TIM_OC4_SetConfig
                0x0800a2d4       0xd4 ./Drivers/STM32H7xx_HAL_Driver/Src/stm32h7xx_hal_tim.o
 .text.TIM_OC5_SetConfig
                0x0800a3a8       0xc8 ./Drivers/STM32H7xx_HAL_Driver/Src/stm32h7xx_hal_tim.o
 .text.TIM_OC6_SetConfig
                0x0800a470       0xcc ./Drivers/STM32H7xx_HAL_Driver/Src/stm32h7xx_hal_tim.o
 .text.TIM_TI1_ConfigInputStage
                0x0800a53c       0xa8 ./Drivers/STM32H7xx_HAL_Driver/Src/stm32h7xx_hal_tim.o
 .text.TIM_TI2_ConfigInputStage
                0x0800a5e4       0x84 ./Drivers/STM32H7xx_HAL_Driver/Src/stm32h7xx_hal_tim.o
 .text.TIM_ITRx_SetConfig
                0x0800a668       0x3c ./Drivers/STM32H7xx_HAL_Driver/Src/stm32h7xx_hal_tim.o
 .text.TIM_ETR_SetConfig
                0x0800a6a4       0x40 ./Drivers/STM32H7xx_HAL_Driver/Src/stm32h7xx_hal_tim.o
                0x0800a6a4                TIM_ETR_SetConfig
 .text.HAL_TIMEx_MasterConfigSynchronization
                0x0800a6e4      0x11c ./Drivers/STM32H7xx_HAL_Driver/Src/stm32h7xx_hal_tim_ex.o
                0x0800a6e4                HAL_TIMEx_MasterConfigSynchronization
 .text.HAL_UART_Init
                0x0800a800       0xa0 ./Drivers/STM32H7xx_HAL_Driver/Src/stm32h7xx_hal_uart.o
                0x0800a800                HAL_UART_Init
 .text.HAL_UART_Transmit
                0x0800a8a0      0x132 ./Drivers/STM32H7xx_HAL_Driver/Src/stm32h7xx_hal_uart.o
                0x0800a8a0                HAL_UART_Transmit
 *fill*         0x0800a9d2        0x2 
 .text.UART_SetConfig
                0x0800a9d4      0xad0 ./Drivers/STM32H7xx_HAL_Driver/Src/stm32h7xx_hal_uart.o
                0x0800a9d4                UART_SetConfig
 .text.UART_AdvFeatureConfig
                0x0800b4a4      0x144 ./Drivers/STM32H7xx_HAL_Driver/Src/stm32h7xx_hal_uart.o
                0x0800b4a4                UART_AdvFeatureConfig
 .text.UART_CheckIdleState
                0x0800b5e8      0x154 ./Drivers/STM32H7xx_HAL_Driver/Src/stm32h7xx_hal_uart.o
                0x0800b5e8                UART_CheckIdleState
 .text.UART_WaitOnFlagUntilTimeout
                0x0800b73c       0xda ./Drivers/STM32H7xx_HAL_Driver/Src/stm32h7xx_hal_uart.o
                0x0800b73c                UART_WaitOnFlagUntilTimeout
 *fill*         0x0800b816        0x2 
 .text.UART_EndRxTransfer
                0x0800b818       0xcc ./Drivers/STM32H7xx_HAL_Driver/Src/stm32h7xx_hal_uart.o
 .text.HAL_UARTEx_DisableFifoMode
                0x0800b8e4       0x72 ./Drivers/STM32H7xx_HAL_Driver/Src/stm32h7xx_hal_uart_ex.o
                0x0800b8e4                HAL_UARTEx_DisableFifoMode
 .text.HAL_UARTEx_SetTxFifoThreshold
                0x0800b956       0x7c ./Drivers/STM32H7xx_HAL_Driver/Src/stm32h7xx_hal_uart_ex.o
                0x0800b956                HAL_UARTEx_SetTxFifoThreshold
 .text.HAL_UARTEx_SetRxFifoThreshold
                0x0800b9d2       0x7c ./Drivers/STM32H7xx_HAL_Driver/Src/stm32h7xx_hal_uart_ex.o
                0x0800b9d2                HAL_UARTEx_SetRxFifoThreshold
 *fill*         0x0800ba4e        0x2 
 .text.UARTEx_SetNbDataToProcess
                0x0800ba50       0x9c ./Drivers/STM32H7xx_HAL_Driver/Src/stm32h7xx_hal_uart_ex.o
 .text._vsnprintf_r
                0x0800baec       0x5c C:/ST/STM32CubeIDE_2.2.0/STM32CubeIDE/plugins/com.st.stm32cube.ide.mcu.externaltools.gnu-tools-for-stm32.14.3.rel1.win32_1.0.100.202602081740/tools/bin/../lib/gcc/arm-none-eabi/14.3.1/../../../../arm-none-eabi/lib/thumb/v7e-m+dp/hard\libc_nano.a(libc_a-vsnprintf.o)
                0x0800baec                _vsniprintf_r
                0x0800baec                _vsnprintf_r
 .text.vsnprintf
                0x0800bb48       0x1c C:/ST/STM32CubeIDE_2.2.0/STM32CubeIDE/plugins/com.st.stm32cube.ide.mcu.externaltools.gnu-tools-for-stm32.14.3.rel1.win32_1.0.100.202602081740/tools/bin/../lib/gcc/arm-none-eabi/14.3.1/../../../../arm-none-eabi/lib/thumb/v7e-m+dp/hard\libc_nano.a(libc_a-vsnprintf.o)
                0x0800bb48                vsniprintf
                0x0800bb48                vsnprintf
 .text.memset   0x0800bb64       0x10 C:/ST/STM32CubeIDE_2.2.0/STM32CubeIDE/plugins/com.st.stm32cube.ide.mcu.externaltools.gnu-tools-for-stm32.14.3.rel1.win32_1.0.100.202602081740/tools/bin/../lib/gcc/arm-none-eabi/14.3.1/../../../../arm-none-eabi/lib/thumb/v7e-m+dp/hard\libc_nano.a(libc_a-memset.o)
                0x0800bb64                memset
 .text.__errno  0x0800bb74        0xc C:/ST/STM32CubeIDE_2.2.0/STM32CubeIDE/plugins/com.st.stm32cube.ide.mcu.externaltools.gnu-tools-for-stm32.14.3.rel1.win32_1.0.100.202602081740/tools/bin/../lib/gcc/arm-none-eabi/14.3.1/../../../../arm-none-eabi/lib/thumb/v7e-m+dp/hard\libc_nano.a(libc_a-errno.o)
                0x0800bb74                __errno
 .text.__libc_init_array
                0x0800bb80       0x48 C:/ST/STM32CubeIDE_2.2.0/STM32CubeIDE/plugins/com.st.stm32cube.ide.mcu.externaltools.gnu-tools-for-stm32.14.3.rel1.win32_1.0.100.202602081740/tools/bin/../lib/gcc/arm-none-eabi/14.3.1/../../../../arm-none-eabi/lib/thumb/v7e-m+dp/hard\libc_nano.a(libc_a-init.o)
                0x0800bb80                __libc_init_array
 .text.__retarget_lock_acquire_recursive
                0x0800bbc8        0x2 C:/ST/STM32CubeIDE_2.2.0/STM32CubeIDE/plugins/com.st.stm32cube.ide.mcu.externaltools.gnu-tools-for-stm32.14.3.rel1.win32_1.0.100.202602081740/tools/bin/../lib/gcc/arm-none-eabi/14.3.1/../../../../arm-none-eabi/lib/thumb/v7e-m+dp/hard\libc_nano.a(libc_a-lock.o)
                0x0800bbc8                __retarget_lock_acquire_recursive
 .text.__retarget_lock_release_recursive
                0x0800bbca        0x2 C:/ST/STM32CubeIDE_2.2.0/STM32CubeIDE/plugins/com.st.stm32cube.ide.mcu.externaltools.gnu-tools-for-stm32.14.3.rel1.win32_1.0.100.202602081740/tools/bin/../lib/gcc/arm-none-eabi/14.3.1/../../../../arm-none-eabi/lib/thumb/v7e-m+dp/hard\libc_nano.a(libc_a-lock.o)
                0x0800bbca                __retarget_lock_release_recursive
 .text._free_r  0x0800bbcc       0x94 C:/ST/STM32CubeIDE_2.2.0/STM32CubeIDE/plugins/com.st.stm32cube.ide.mcu.externaltools.gnu-tools-for-stm32.14.3.rel1.win32_1.0.100.202602081740/tools/bin/../lib/gcc/arm-none-eabi/14.3.1/../../../../arm-none-eabi/lib/thumb/v7e-m+dp/hard\libc_nano.a(libc_a-freer.o)
                0x0800bbcc                _free_r
 .text.sbrk_aligned
                0x0800bc60       0x44 C:/ST/STM32CubeIDE_2.2.0/STM32CubeIDE/plugins/com.st.stm32cube.ide.mcu.externaltools.gnu-tools-for-stm32.14.3.rel1.win32_1.0.100.202602081740/tools/bin/../lib/gcc/arm-none-eabi/14.3.1/../../../../arm-none-eabi/lib/thumb/v7e-m+dp/hard\libc_nano.a(libc_a-mallocr.o)
 .text._malloc_r
                0x0800bca4      0x100 C:/ST/STM32CubeIDE_2.2.0/STM32CubeIDE/plugins/com.st.stm32cube.ide.mcu.externaltools.gnu-tools-for-stm32.14.3.rel1.win32_1.0.100.202602081740/tools/bin/../lib/gcc/arm-none-eabi/14.3.1/../../../../arm-none-eabi/lib/thumb/v7e-m+dp/hard\libc_nano.a(libc_a-mallocr.o)
                0x0800bca4                _malloc_r
 .text.__malloc_lock
                0x0800bda4        0xc C:/ST/STM32CubeIDE_2.2.0/STM32CubeIDE/plugins/com.st.stm32cube.ide.mcu.externaltools.gnu-tools-for-stm32.14.3.rel1.win32_1.0.100.202602081740/tools/bin/../lib/gcc/arm-none-eabi/14.3.1/../../../../arm-none-eabi/lib/thumb/v7e-m+dp/hard\libc_nano.a(libc_a-mlock.o)
                0x0800bda4                __malloc_lock
 .text.__malloc_unlock
                0x0800bdb0        0xc C:/ST/STM32CubeIDE_2.2.0/STM32CubeIDE/plugins/com.st.stm32cube.ide.mcu.externaltools.gnu-tools-for-stm32.14.3.rel1.win32_1.0.100.202602081740/tools/bin/../lib/gcc/arm-none-eabi/14.3.1/../../../../arm-none-eabi/lib/thumb/v7e-m+dp/hard\libc_nano.a(libc_a-mlock.o)
                0x0800bdb0                __malloc_unlock
 .text.__ssputs_r
                0x0800bdbc       0xc0 C:/ST/STM32CubeIDE_2.2.0/STM32CubeIDE/plugins/com.st.stm32cube.ide.mcu.externaltools.gnu-tools-for-stm32.14.3.rel1.win32_1.0.100.202602081740/tools/bin/../lib/gcc/arm-none-eabi/14.3.1/../../../../arm-none-eabi/lib/thumb/v7e-m+dp/hard\libc_nano.a(libc_a-nano-svfprintf.o)
                0x0800bdbc                __ssputs_r
 .text._svfprintf_r
                0x0800be7c      0x1f0 C:/ST/STM32CubeIDE_2.2.0/STM32CubeIDE/plugins/com.st.stm32cube.ide.mcu.externaltools.gnu-tools-for-stm32.14.3.rel1.win32_1.0.100.202602081740/tools/bin/../lib/gcc/arm-none-eabi/14.3.1/../../../../arm-none-eabi/lib/thumb/v7e-m+dp/hard\libc_nano.a(libc_a-nano-svfprintf.o)
                0x0800be7c                _svfiprintf_r
                0x0800be7c                _svfprintf_r
 .text._printf_common
                0x0800c06c       0xda C:/ST/STM32CubeIDE_2.2.0/STM32CubeIDE/plugins/com.st.stm32cube.ide.mcu.externaltools.gnu-tools-for-stm32.14.3.rel1.win32_1.0.100.202602081740/tools/bin/../lib/gcc/arm-none-eabi/14.3.1/../../../../arm-none-eabi/lib/thumb/v7e-m+dp/hard\libc_nano.a(libc_a-nano-vfprintf_i.o)
                0x0800c06c                _printf_common
 *fill*         0x0800c146        0x2 
 .text._printf_i
                0x0800c148      0x24c C:/ST/STM32CubeIDE_2.2.0/STM32CubeIDE/plugins/com.st.stm32cube.ide.mcu.externaltools.gnu-tools-for-stm32.14.3.rel1.win32_1.0.100.202602081740/tools/bin/../lib/gcc/arm-none-eabi/14.3.1/../../../../arm-none-eabi/lib/thumb/v7e-m+dp/hard\libc_nano.a(libc_a-nano-vfprintf_i.o)
                0x0800c148                _printf_i
 .text.memmove  0x0800c394       0x32 C:/ST/STM32CubeIDE_2.2.0/STM32CubeIDE/plugins/com.st.stm32cube.ide.mcu.externaltools.gnu-tools-for-stm32.14.3.rel1.win32_1.0.100.202602081740/tools/bin/../lib/gcc/arm-none-eabi/14.3.1/../../../../arm-none-eabi/lib/thumb/v7e-m+dp/hard\libc_nano.a(libc_a-memmove.o)
                0x0800c394                memmove
 *fill*         0x0800c3c6        0x2 
 .text._sbrk_r  0x0800c3c8       0x20 C:/ST/STM32CubeIDE_2.2.0/STM32CubeIDE/plugins/com.st.stm32cube.ide.mcu.externaltools.gnu-tools-for-stm32.14.3.rel1.win32_1.0.100.202602081740/tools/bin/../lib/gcc/arm-none-eabi/14.3.1/../../../../arm-none-eabi/lib/thumb/v7e-m+dp/hard\libc_nano.a(libc_a-sbrkr.o)
                0x0800c3c8                _sbrk_r
 .text.memcpy   0x0800c3e8       0x1c C:/ST/STM32CubeIDE_2.2.0/STM32CubeIDE/plugins/com.st.stm32cube.ide.mcu.externaltools.gnu-tools-for-stm32.14.3.rel1.win32_1.0.100.202602081740/tools/bin/../lib/gcc/arm-none-eabi/14.3.1/../../../../arm-none-eabi/lib/thumb/v7e-m+dp/hard\libc_nano.a(libc_a-memcpy-stub.o)
                0x0800c3e8                memcpy
 .text._realloc_r
                0x0800c404       0x5c C:/ST/STM32CubeIDE_2.2.0/STM32CubeIDE/plugins/com.st.stm32cube.ide.mcu.externaltools.gnu-tools-for-stm32.14.3.rel1.win32_1.0.100.202602081740/tools/bin/../lib/gcc/arm-none-eabi/14.3.1/../../../../arm-none-eabi/lib/thumb/v7e-m+dp/hard\libc_nano.a(libc_a-reallocr.o)
                0x0800c404                _realloc_r
 .text._malloc_usable_size_r
                0x0800c460       0x10 C:/ST/STM32CubeIDE_2.2.0/STM32CubeIDE/plugins/com.st.stm32cube.ide.mcu.externaltools.gnu-tools-for-stm32.14.3.rel1.win32_1.0.100.202602081740/tools/bin/../lib/gcc/arm-none-eabi/14.3.1/../../../../arm-none-eabi/lib/thumb/v7e-m+dp/hard\libc_nano.a(libc_a-msizer.o)
                0x0800c460                _malloc_usable_size_r
 *(.glue_7)
 .glue_7        0x0800c470        0x0 linker stubs
 *(.glue_7t)
 .glue_7t       0x0800c470        0x0 linker stubs
 *(.eh_frame)
 .eh_frame      0x0800c470        0x0 C:/ST/STM32CubeIDE_2.2.0/STM32CubeIDE/plugins/com.st.stm32cube.ide.mcu.externaltools.gnu-tools-for-stm32.14.3.rel1.win32_1.0.100.202602081740/tools/bin/../lib/gcc/arm-none-eabi/14.3.1/thumb/v7e-m+dp/hard/crtbegin.o
 *(.init)
 .init          0x0800c470        0x4 C:/ST/STM32CubeIDE_2.2.0/STM32CubeIDE/plugins/com.st.stm32cube.ide.mcu.externaltools.gnu-tools-for-stm32.14.3.rel1.win32_1.0.100.202602081740/tools/bin/../lib/gcc/arm-none-eabi/14.3.1/thumb/v7e-m+dp/hard/crti.o
                0x0800c470                _init
 .init          0x0800c474        0x8 C:/ST/STM32CubeIDE_2.2.0/STM32CubeIDE/plugins/com.st.stm32cube.ide.mcu.externaltools.gnu-tools-for-stm32.14.3.rel1.win32_1.0.100.202602081740/tools/bin/../lib/gcc/arm-none-eabi/14.3.1/thumb/v7e-m+dp/hard/crtn.o
 *(.fini)
 .fini          0x0800c47c        0x4 C:/ST/STM32CubeIDE_2.2.0/STM32CubeIDE/plugins/com.st.stm32cube.ide.mcu.externaltools.gnu-tools-for-stm32.14.3.rel1.win32_1.0.100.202602081740/tools/bin/../lib/gcc/arm-none-eabi/14.3.1/thumb/v7e-m+dp/hard/crti.o
                0x0800c47c                _fini
 .fini          0x0800c480        0x8 C:/ST/STM32CubeIDE_2.2.0/STM32CubeIDE/plugins/com.st.stm32cube.ide.mcu.externaltools.gnu-tools-for-stm32.14.3.rel1.win32_1.0.100.202602081740/tools/bin/../lib/gcc/arm-none-eabi/14.3.1/thumb/v7e-m+dp/hard/crtn.o
                0x0800c488                        . = ALIGN (0x4)
                0x0800c488                        _etext = .

.vfp11_veneer   0x0800c488        0x0
 .vfp11_veneer  0x0800c488        0x0 linker stubs

.v4_bx          0x0800c488        0x0
 .v4_bx         0x0800c488        0x0 linker stubs

.iplt           0x0800c488        0x0
 .iplt          0x0800c488        0x0 C:/ST/STM32CubeIDE_2.2.0/STM32CubeIDE/plugins/com.st.stm32cube.ide.mcu.externaltools.gnu-tools-for-stm32.14.3.rel1.win32_1.0.100.202602081740/tools/bin/../lib/gcc/arm-none-eabi/14.3.1/thumb/v7e-m+dp/hard/crtbegin.o

.rodata         0x0800c488      0x820
                0x0800c488                        . = ALIGN (0x4)
 *(.rodata)
 *(.rodata*)
 .rodata.main.str1.4
                0x0800c488       0x5b ./Core/Src/main.o
 *fill*         0x0800c4e3        0x1 
 .rodata.start_rgb.1
                0x0800c4e4       0x12 ./Core/Src/main.o
 *fill*         0x0800c4f6        0x2 
 .rodata.start_gray.0
                0x0800c4f8       0x13 ./Core/Src/main.o
 *fill*         0x0800c50b        0x1 
 .rodata.OV2640_480x272
                0x0800c50c      0x1da ./Core/Src/ov2640.o
                0x0800c50c                OV2640_480x272
 *fill*         0x0800c6e6        0x2 
 .rodata.OV2640_VGA
                0x0800c6e8      0x1da ./Core/Src/ov2640.o
                0x0800c6e8                OV2640_VGA
 *fill*         0x0800c8c2        0x2 
 .rodata.OV2640_QVGA
                0x0800c8c4      0x1b8 ./Core/Src/ov2640.o
                0x0800c8c4                OV2640_QVGA
 .rodata.OV2640_QQVGA
                0x0800ca7c      0x1b8 ./Core/Src/ov2640.o
                0x0800ca7c                OV2640_QQVGA
 .rodata.D1CorePrescTable
                0x0800cc34       0x10 ./Core/Src/system_stm32h7xx.o
                0x0800cc34                D1CorePrescTable
 .rodata.flagBitshiftOffset.0
                0x0800cc44        0x8 ./Drivers/STM32H7xx_HAL_Driver/Src/stm32h7xx_hal_dma.o
 .rodata.UARTPrescTable
                0x0800cc4c       0x18 ./Drivers/STM32H7xx_HAL_Driver/Src/stm32h7xx_hal_uart.o
                0x0800cc4c                UARTPrescTable
 .rodata.numerator.1
                0x0800cc64        0x8 ./Drivers/STM32H7xx_HAL_Driver/Src/stm32h7xx_hal_uart_ex.o
 .rodata.denominator.0
                0x0800cc6c        0x8 ./Drivers/STM32H7xx_HAL_Driver/Src/stm32h7xx_hal_uart_ex.o
 .rodata._svfprintf_r.str1.1
                0x0800cc74       0x33 C:/ST/STM32CubeIDE_2.2.0/STM32CubeIDE/plugins/com.st.stm32cube.ide.mcu.externaltools.gnu-tools-for-stm32.14.3.rel1.win32_1.0.100.202602081740/tools/bin/../lib/gcc/arm-none-eabi/14.3.1/../../../../arm-none-eabi/lib/thumb/v7e-m+dp/hard\libc_nano.a(libc_a-nano-svfprintf.o)
                                 0x11 (size before relaxing)
 .rodata._printf_i.str1.1
                0x0800cca7       0x22 C:/ST/STM32CubeIDE_2.2.0/STM32CubeIDE/plugins/com.st.stm32cube.ide.mcu.externaltools.gnu-tools-for-stm32.14.3.rel1.win32_1.0.100.202602081740/tools/bin/../lib/gcc/arm-none-eabi/14.3.1/../../../../arm-none-eabi/lib/thumb/v7e-m+dp/hard\libc_nano.a(libc_a-nano-vfprintf_i.o)
                0x0800cccc                        . = ALIGN (0x4)
 *fill*         0x0800cca7        0x1 

.ARM.extab
 *(.ARM.extab* .gnu.linkonce.armextab.*)

.ARM            0x0800cca8        0x8
                0x0800cca8                        __exidx_start = .
 *(.ARM.exidx*)
 .ARM.exidx     0x0800cca8        0x8 C:/ST/STM32CubeIDE_2.2.0/STM32CubeIDE/plugins/com.st.stm32cube.ide.mcu.externaltools.gnu-tools-for-stm32.14.3.rel1.win32_1.0.100.202602081740/tools/bin/../lib/gcc/arm-none-eabi/14.3.1/../../../../arm-none-eabi/lib/thumb/v7e-m+dp/hard\libc_nano.a(libc_a-memchr.o)
 .ARM.exidx     0x0800ccb0        0x0 C:/ST/STM32CubeIDE_2.2.0/STM32CubeIDE/plugins/com.st.stm32cube.ide.mcu.externaltools.gnu-tools-for-stm32.14.3.rel1.win32_1.0.100.202602081740/tools/bin/../lib/gcc/arm-none-eabi/14.3.1/thumb/v7e-m+dp/hard\libgcc.a(_udivmoddi4.o)
                                  0x8 (size before relaxing)
                0x0800ccb0                        __exidx_end = .

.preinit_array  0x0800ccb0        0x0
                0x0800ccb0                        PROVIDE (__preinit_array_start = .)
 *(.preinit_array*)
                0x0800ccb0                        PROVIDE (__preinit_array_end = .)

.init_array     0x0800ccb0        0x4
                0x0800ccb0                        PROVIDE (__init_array_start = .)
 *(SORT_BY_NAME(.init_array.*))
 *(.init_array*)
 .init_array    0x0800ccb0        0x4 C:/ST/STM32CubeIDE_2.2.0/STM32CubeIDE/plugins/com.st.stm32cube.ide.mcu.externaltools.gnu-tools-for-stm32.14.3.rel1.win32_1.0.100.202602081740/tools/bin/../lib/gcc/arm-none-eabi/14.3.1/thumb/v7e-m+dp/hard/crtbegin.o
                0x0800ccb4                        PROVIDE (__init_array_end = .)

.fini_array     0x0800ccb4        0x4
                [!provide]                        PROVIDE (__fini_array_start = .)
 *(SORT_BY_NAME(.fini_array.*))
 *(.fini_array*)
 .fini_array    0x0800ccb4        0x4 C:/ST/STM32CubeIDE_2.2.0/STM32CubeIDE/plugins/com.st.stm32cube.ide.mcu.externaltools.gnu-tools-for-stm32.14.3.rel1.win32_1.0.100.202602081740/tools/bin/../lib/gcc/arm-none-eabi/14.3.1/thumb/v7e-m+dp/hard/crtbegin.o
                [!provide]                        PROVIDE (__fini_array_end = .)
                0x0800ccb8                        _sidata = LOADADDR (.data)

.rel.dyn        0x0800ccb8        0x0
 .rel.iplt      0x0800ccb8        0x0 C:/ST/STM32CubeIDE_2.2.0/STM32CubeIDE/plugins/com.st.stm32cube.ide.mcu.externaltools.gnu-tools-for-stm32.14.3.rel1.win32_1.0.100.202602081740/tools/bin/../lib/gcc/arm-none-eabi/14.3.1/thumb/v7e-m+dp/hard/crtbegin.o

.data           0x24000000       0x60 load address 0x0800ccb8
                0x24000000                        . = ALIGN (0x4)
                0x24000000                        _sdata = .
 *(.data)
 *(.data*)
 .data.SystemCoreClock
                0x24000000        0x4 ./Core/Src/system_stm32h7xx.o
                0x24000000                SystemCoreClock
 .data.SystemD2Clock
                0x24000004        0x4 ./Core/Src/system_stm32h7xx.o
                0x24000004                SystemD2Clock
 .data.uwTickPrio
                0x24000008        0x4 ./Drivers/STM32H7xx_HAL_Driver/Src/stm32h7xx_hal.o
                0x24000008                uwTickPrio
 .data.uwTickFreq
                0x2400000c        0x1 ./Drivers/STM32H7xx_HAL_Driver/Src/stm32h7xx_hal.o
                0x2400000c                uwTickFreq
 *fill*         0x2400000d        0x3 
 .data._impure_ptr
                0x24000010        0x4 C:/ST/STM32CubeIDE_2.2.0/STM32CubeIDE/plugins/com.st.stm32cube.ide.mcu.externaltools.gnu-tools-for-stm32.14.3.rel1.win32_1.0.100.202602081740/tools/bin/../lib/gcc/arm-none-eabi/14.3.1/../../../../arm-none-eabi/lib/thumb/v7e-m+dp/hard\libc_nano.a(libc_a-impure.o)
                0x24000010                _impure_ptr
 .data._impure_data
                0x24000014       0x4c C:/ST/STM32CubeIDE_2.2.0/STM32CubeIDE/plugins/com.st.stm32cube.ide.mcu.externaltools.gnu-tools-for-stm32.14.3.rel1.win32_1.0.100.202602081740/tools/bin/../lib/gcc/arm-none-eabi/14.3.1/../../../../arm-none-eabi/lib/thumb/v7e-m+dp/hard\libc_nano.a(libc_a-impure.o)
                0x24000014                _impure_data
 *(.RamFunc)
 *(.RamFunc*)
                0x24000060                        . = ALIGN (0x4)
                0x24000060                        _edata = .

.igot.plt       0x24000060        0x0 load address 0x0800cd18
 .igot.plt      0x24000060        0x0 C:/ST/STM32CubeIDE_2.2.0/STM32CubeIDE/plugins/com.st.stm32cube.ide.mcu.externaltools.gnu-tools-for-stm32.14.3.rel1.win32_1.0.100.202602081740/tools/bin/../lib/gcc/arm-none-eabi/14.3.1/thumb/v7e-m+dp/hard/crtbegin.o
                0x24000060                        . = ALIGN (0x4)

.bss            0x24000060     0x9974 load address 0x0800cd18
                0x24000060                        _sbss = .
                0x24000060                        __bss_start__ = _sbss
 *(.bss)
 .bss           0x24000060       0x1c C:/ST/STM32CubeIDE_2.2.0/STM32CubeIDE/plugins/com.st.stm32cube.ide.mcu.externaltools.gnu-tools-for-stm32.14.3.rel1.win32_1.0.100.202602081740/tools/bin/../lib/gcc/arm-none-eabi/14.3.1/thumb/v7e-m+dp/hard/crtbegin.o
 *(.bss*)
 .bss.hdcmi     0x2400007c       0x50 ./Core/Src/dcmi.o
                0x2400007c                hdcmi
 .bss.hdma_dcmi
                0x240000cc       0x78 ./Core/Src/dcmi.o
                0x240000cc                hdma_dcmi
 .bss.hi2c1     0x24000144       0x54 ./Core/Src/i2c.o
                0x24000144                hi2c1
 *fill*         0x24000198        0x8 
 .bss.frame_buffer
                0x240001a0     0x9600 ./Core/Src/main.o
                0x240001a0                frame_buffer
 .bss.frame_ready
                0x240097a0        0x1 ./Core/Src/main.o
                0x240097a0                frame_ready
 .bss.current_mode
                0x240097a1        0x1 ./Core/Src/main.o
                0x240097a1                current_mode
 *fill*         0x240097a2        0x2 
 .bss.__sbrk_heap_end
                0x240097a4        0x4 ./Core/Src/sysmem.o
 .bss.htim2     0x240097a8       0x4c ./Core/Src/tim.o
                0x240097a8                htim2
 .bss.huart1    0x240097f4       0x94 ./Core/Src/usart.o
                0x240097f4                huart1
 .bss.uwTick    0x24009888        0x4 ./Drivers/STM32H7xx_HAL_Driver/Src/stm32h7xx_hal.o
                0x24009888                uwTick
 .bss.__sf      0x2400988c      0x138 C:/ST/STM32CubeIDE_2.2.0/STM32CubeIDE/plugins/com.st.stm32cube.ide.mcu.externaltools.gnu-tools-for-stm32.14.3.rel1.win32_1.0.100.202602081740/tools/bin/../lib/gcc/arm-none-eabi/14.3.1/../../../../arm-none-eabi/lib/thumb/v7e-m+dp/hard\libc_nano.a(libc_a-findfp.o)
                0x2400988c                __sf
 .bss.errno     0x240099c4        0x4 C:/ST/STM32CubeIDE_2.2.0/STM32CubeIDE/plugins/com.st.stm32cube.ide.mcu.externaltools.gnu-tools-for-stm32.14.3.rel1.win32_1.0.100.202602081740/tools/bin/../lib/gcc/arm-none-eabi/14.3.1/../../../../arm-none-eabi/lib/thumb/v7e-m+dp/hard\libc_nano.a(libc_a-reent.o)
                0x240099c4                errno
 .bss.__lock___malloc_recursive_mutex
                0x240099c8        0x1 C:/ST/STM32CubeIDE_2.2.0/STM32CubeIDE/plugins/com.st.stm32cube.ide.mcu.externaltools.gnu-tools-for-stm32.14.3.rel1.win32_1.0.100.202602081740/tools/bin/../lib/gcc/arm-none-eabi/14.3.1/../../../../arm-none-eabi/lib/thumb/v7e-m+dp/hard\libc_nano.a(libc_a-lock.o)
                0x240099c8                __lock___malloc_recursive_mutex
 *fill*         0x240099c9        0x3 
 .bss.__malloc_sbrk_start
                0x240099cc        0x4 C:/ST/STM32CubeIDE_2.2.0/STM32CubeIDE/plugins/com.st.stm32cube.ide.mcu.externaltools.gnu-tools-for-stm32.14.3.rel1.win32_1.0.100.202602081740/tools/bin/../lib/gcc/arm-none-eabi/14.3.1/../../../../arm-none-eabi/lib/thumb/v7e-m+dp/hard\libc_nano.a(libc_a-mallocr.o)
                0x240099cc                __malloc_sbrk_start
 .bss.__malloc_free_list
                0x240099d0        0x4 C:/ST/STM32CubeIDE_2.2.0/STM32CubeIDE/plugins/com.st.stm32cube.ide.mcu.externaltools.gnu-tools-for-stm32.14.3.rel1.win32_1.0.100.202602081740/tools/bin/../lib/gcc/arm-none-eabi/14.3.1/../../../../arm-none-eabi/lib/thumb/v7e-m+dp/hard\libc_nano.a(libc_a-mallocr.o)
                0x240099d0                __malloc_free_list
 *(COMMON)
                0x240099d4                        . = ALIGN (0x4)
                0x240099d4                        _ebss = .
                0x240099d4                        __bss_end__ = _ebss

._user_heap_stack
                0x240099d4      0x604 load address 0x0800cd18
                0x240099d8                        . = ALIGN (0x8)
 *fill*         0x240099d4        0x4 
                [!provide]                        PROVIDE (end = .)
                0x240099d8                        PROVIDE (_end = .)
                0x24009bd8                        . = (. + _Min_Heap_Size)
 *fill*         0x240099d8      0x200 
                0x24009fd8                        . = (. + _Min_Stack_Size)
 *fill*         0x24009bd8      0x400 
                0x24009fd8                        . = ALIGN (0x8)

/DISCARD/
 libc.a(*)
 libm.a(*)
 libgcc.a(*)

.ARM.attributes
                0x00000000       0x2e
 *(.ARM.attributes)
 .ARM.attributes
                0x00000000       0x20 C:/ST/STM32CubeIDE_2.2.0/STM32CubeIDE/plugins/com.st.stm32cube.ide.mcu.externaltools.gnu-tools-for-stm32.14.3.rel1.win32_1.0.100.202602081740/tools/bin/../lib/gcc/arm-none-eabi/14.3.1/thumb/v7e-m+dp/hard/crti.o
 .ARM.attributes
                0x00000020       0x32 C:/ST/STM32CubeIDE_2.2.0/STM32CubeIDE/plugins/com.st.stm32cube.ide.mcu.externaltools.gnu-tools-for-stm32.14.3.rel1.win32_1.0.100.202602081740/tools/bin/../lib/gcc/arm-none-eabi/14.3.1/thumb/v7e-m+dp/hard/crtbegin.o
 .ARM.attributes
                0x00000052       0x32 ./Core/Src/dcmi.o
 .ARM.attributes
                0x00000084       0x32 ./Core/Src/dma.o
 .ARM.attributes
                0x000000b6       0x32 ./Core/Src/gpio.o
 .ARM.attributes
                0x000000e8       0x32 ./Core/Src/i2c.o
 .ARM.attributes
                0x0000011a       0x32 ./Core/Src/main.o
 .ARM.attributes
                0x0000014c       0x32 ./Core/Src/ov2640.o
 .ARM.attributes
                0x0000017e       0x32 ./Core/Src/ov2640_io.o
 .ARM.attributes
                0x000001b0       0x32 ./Core/Src/stm32h7xx_hal_msp.o
 .ARM.attributes
                0x000001e2       0x32 ./Core/Src/stm32h7xx_it.o
 .ARM.attributes
                0x00000214       0x32 ./Core/Src/sysmem.o
 .ARM.attributes
                0x00000246       0x32 ./Core/Src/system_stm32h7xx.o
 .ARM.attributes
                0x00000278       0x32 ./Core/Src/tim.o
 .ARM.attributes
                0x000002aa       0x32 ./Core/Src/usart.o
 .ARM.attributes
                0x000002dc       0x21 ./Core/Startup/startup_stm32h743xihx.o
 .ARM.attributes
                0x000002fd       0x32 ./Drivers/STM32H7xx_HAL_Driver/Src/stm32h7xx_hal.o
 .ARM.attributes
                0x0000032f       0x32 ./Drivers/STM32H7xx_HAL_Driver/Src/stm32h7xx_hal_cortex.o
 .ARM.attributes
                0x00000361       0x32 ./Drivers/STM32H7xx_HAL_Driver/Src/stm32h7xx_hal_dcmi.o
 .ARM.attributes
                0x00000393       0x32 ./Drivers/STM32H7xx_HAL_Driver/Src/stm32h7xx_hal_dma.o
 .ARM.attributes
                0x000003c5       0x32 ./Drivers/STM32H7xx_HAL_Driver/Src/stm32h7xx_hal_dma_ex.o
 .ARM.attributes
                0x000003f7       0x32 ./Drivers/STM32H7xx_HAL_Driver/Src/stm32h7xx_hal_gpio.o
 .ARM.attributes
                0x00000429       0x32 ./Drivers/STM32H7xx_HAL_Driver/Src/stm32h7xx_hal_i2c.o
 .ARM.attributes
                0x0000045b       0x32 ./Drivers/STM32H7xx_HAL_Driver/Src/stm32h7xx_hal_i2c_ex.o
 .ARM.attributes
                0x0000048d       0x32 ./Drivers/STM32H7xx_HAL_Driver/Src/stm32h7xx_hal_pwr_ex.o
 .ARM.attributes
                0x000004bf       0x32 ./Drivers/STM32H7xx_HAL_Driver/Src/stm32h7xx_hal_rcc.o
 .ARM.attributes
                0x000004f1       0x32 ./Drivers/STM32H7xx_HAL_Driver/Src/stm32h7xx_hal_rcc_ex.o
 .ARM.attributes
                0x00000523       0x32 ./Drivers/STM32H7xx_HAL_Driver/Src/stm32h7xx_hal_tim.o
 .ARM.attributes
                0x00000555       0x32 ./Drivers/STM32H7xx_HAL_Driver/Src/stm32h7xx_hal_tim_ex.o
 .ARM.attributes
                0x00000587       0x32 ./Drivers/STM32H7xx_HAL_Driver/Src/stm32h7xx_hal_uart.o
 .ARM.attributes
                0x000005b9       0x32 ./Drivers/STM32H7xx_HAL_Driver/Src/stm32h7xx_hal_uart_ex.o
 .ARM.attributes
                0x000005eb       0x32 C:/ST/STM32CubeIDE_2.2.0/STM32CubeIDE/plugins/com.st.stm32cube.ide.mcu.externaltools.gnu-tools-for-stm32.14.3.rel1.win32_1.0.100.202602081740/tools/bin/../lib/gcc/arm-none-eabi/14.3.1/../../../../arm-none-eabi/lib/thumb/v7e-m+dp/hard\libc_nano.a(libc_a-findfp.o)
 .ARM.attributes
                0x0000061d       0x32 C:/ST/STM32CubeIDE_2.2.0/STM32CubeIDE/plugins/com.st.stm32cube.ide.mcu.externaltools.gnu-tools-for-stm32.14.3.rel1.win32_1.0.100.202602081740/tools/bin/../lib/gcc/arm-none-eabi/14.3.1/../../../../arm-none-eabi/lib/thumb/v7e-m+dp/hard\libc_nano.a(libc_a-vsnprintf.o)
 .ARM.attributes
                0x0000064f       0x32 C:/ST/STM32CubeIDE_2.2.0/STM32CubeIDE/plugins/com.st.stm32cube.ide.mcu.externaltools.gnu-tools-for-stm32.14.3.rel1.win32_1.0.100.202602081740/tools/bin/../lib/gcc/arm-none-eabi/14.3.1/../../../../arm-none-eabi/lib/thumb/v7e-m+dp/hard\libc_nano.a(libc_a-memset.o)
 .ARM.attributes
                0x00000681       0x32 C:/ST/STM32CubeIDE_2.2.0/STM32CubeIDE/plugins/com.st.stm32cube.ide.mcu.externaltools.gnu-tools-for-stm32.14.3.rel1.win32_1.0.100.202602081740/tools/bin/../lib/gcc/arm-none-eabi/14.3.1/../../../../arm-none-eabi/lib/thumb/v7e-m+dp/hard\libc_nano.a(libc_a-reent.o)
 .ARM.attributes
                0x000006b3       0x32 C:/ST/STM32CubeIDE_2.2.0/STM32CubeIDE/plugins/com.st.stm32cube.ide.mcu.externaltools.gnu-tools-for-stm32.14.3.rel1.win32_1.0.100.202602081740/tools/bin/../lib/gcc/arm-none-eabi/14.3.1/../../../../arm-none-eabi/lib/thumb/v7e-m+dp/hard\libc_nano.a(libc_a-impure.o)
 .ARM.attributes
                0x000006e5       0x32 C:/ST/STM32CubeIDE_2.2.0/STM32CubeIDE/plugins/com.st.stm32cube.ide.mcu.externaltools.gnu-tools-for-stm32.14.3.rel1.win32_1.0.100.202602081740/tools/bin/../lib/gcc/arm-none-eabi/14.3.1/../../../../arm-none-eabi/lib/thumb/v7e-m+dp/hard\libc_nano.a(libc_a-errno.o)
 .ARM.attributes
                0x00000717       0x32 C:/ST/STM32CubeIDE_2.2.0/STM32CubeIDE/plugins/com.st.stm32cube.ide.mcu.externaltools.gnu-tools-for-stm32.14.3.rel1.win32_1.0.100.202602081740/tools/bin/../lib/gcc/arm-none-eabi/14.3.1/../../../../arm-none-eabi/lib/thumb/v7e-m+dp/hard\libc_nano.a(libc_a-init.o)
 .ARM.attributes
                0x00000749       0x32 C:/ST/STM32CubeIDE_2.2.0/STM32CubeIDE/plugins/com.st.stm32cube.ide.mcu.externaltools.gnu-tools-for-stm32.14.3.rel1.win32_1.0.100.202602081740/tools/bin/../lib/gcc/arm-none-eabi/14.3.1/../../../../arm-none-eabi/lib/thumb/v7e-m+dp/hard\libc_nano.a(libc_a-lock.o)
 .ARM.attributes
                0x0000077b       0x32 C:/ST/STM32CubeIDE_2.2.0/STM32CubeIDE/plugins/com.st.stm32cube.ide.mcu.externaltools.gnu-tools-for-stm32.14.3.rel1.win32_1.0.100.202602081740/tools/bin/../lib/gcc/arm-none-eabi/14.3.1/../../../../arm-none-eabi/lib/thumb/v7e-m+dp/hard\libc_nano.a(libc_a-freer.o)
 .ARM.attributes
                0x000007ad       0x32 C:/ST/STM32CubeIDE_2.2.0/STM32CubeIDE/plugins/com.st.stm32cube.ide.mcu.externaltools.gnu-tools-for-stm32.14.3.rel1.win32_1.0.100.202602081740/tools/bin/../lib/gcc/arm-none-eabi/14.3.1/../../../../arm-none-eabi/lib/thumb/v7e-m+dp/hard\libc_nano.a(libc_a-mallocr.o)
 .ARM.attributes
                0x000007df       0x32 C:/ST/STM32CubeIDE_2.2.0/STM32CubeIDE/plugins/com.st.stm32cube.ide.mcu.externaltools.gnu-tools-for-stm32.14.3.rel1.win32_1.0.100.202602081740/tools/bin/../lib/gcc/arm-none-eabi/14.3.1/../../../../arm-none-eabi/lib/thumb/v7e-m+dp/hard\libc_nano.a(libc_a-mlock.o)
 .ARM.attributes
                0x00000811       0x32 C:/ST/STM32CubeIDE_2.2.0/STM32CubeIDE/plugins/com.st.stm32cube.ide.mcu.externaltools.gnu-tools-for-stm32.14.3.rel1.win32_1.0.100.202602081740/tools/bin/../lib/gcc/arm-none-eabi/14.3.1/../../../../arm-none-eabi/lib/thumb/v7e-m+dp/hard\libc_nano.a(libc_a-nano-svfprintf.o)
 .ARM.attributes
                0x00000843       0x32 C:/ST/STM32CubeIDE_2.2.0/STM32CubeIDE/plugins/com.st.stm32cube.ide.mcu.externaltools.gnu-tools-for-stm32.14.3.rel1.win32_1.0.100.202602081740/tools/bin/../lib/gcc/arm-none-eabi/14.3.1/../../../../arm-none-eabi/lib/thumb/v7e-m+dp/hard\libc_nano.a(libc_a-nano-vfprintf_i.o)
 .ARM.attributes
                0x00000875       0x32 C:/ST/STM32CubeIDE_2.2.0/STM32CubeIDE/plugins/com.st.stm32cube.ide.mcu.externaltools.gnu-tools-for-stm32.14.3.rel1.win32_1.0.100.202602081740/tools/bin/../lib/gcc/arm-none-eabi/14.3.1/../../../../arm-none-eabi/lib/thumb/v7e-m+dp/hard\libc_nano.a(libc_a-memmove.o)
 .ARM.attributes
                0x000008a7       0x32 C:/ST/STM32CubeIDE_2.2.0/STM32CubeIDE/plugins/com.st.stm32cube.ide.mcu.externaltools.gnu-tools-for-stm32.14.3.rel1.win32_1.0.100.202602081740/tools/bin/../lib/gcc/arm-none-eabi/14.3.1/../../../../arm-none-eabi/lib/thumb/v7e-m+dp/hard\libc_nano.a(libc_a-sbrkr.o)
 .ARM.attributes
                0x000008d9       0x1c C:/ST/STM32CubeIDE_2.2.0/STM32CubeIDE/plugins/com.st.stm32cube.ide.mcu.externaltools.gnu-tools-for-stm32.14.3.rel1.win32_1.0.100.202602081740/tools/bin/../lib/gcc/arm-none-eabi/14.3.1/../../../../arm-none-eabi/lib/thumb/v7e-m+dp/hard\libc_nano.a(libc_a-memchr.o)
 .ARM.attributes
                0x000008f5       0x32 C:/ST/STM32CubeIDE_2.2.0/STM32CubeIDE/plugins/com.st.stm32cube.ide.mcu.externaltools.gnu-tools-for-stm32.14.3.rel1.win32_1.0.100.202602081740/tools/bin/../lib/gcc/arm-none-eabi/14.3.1/../../../../arm-none-eabi/lib/thumb/v7e-m+dp/hard\libc_nano.a(libc_a-memcpy-stub.o)
 .ARM.attributes
                0x00000927       0x32 C:/ST/STM32CubeIDE_2.2.0/STM32CubeIDE/plugins/com.st.stm32cube.ide.mcu.externaltools.gnu-tools-for-stm32.14.3.rel1.win32_1.0.100.202602081740/tools/bin/../lib/gcc/arm-none-eabi/14.3.1/../../../../arm-none-eabi/lib/thumb/v7e-m+dp/hard\libc_nano.a(libc_a-reallocr.o)
 .ARM.attributes
                0x00000959       0x32 C:/ST/STM32CubeIDE_2.2.0/STM32CubeIDE/plugins/com.st.stm32cube.ide.mcu.externaltools.gnu-tools-for-stm32.14.3.rel1.win32_1.0.100.202602081740/tools/bin/../lib/gcc/arm-none-eabi/14.3.1/../../../../arm-none-eabi/lib/thumb/v7e-m+dp/hard\libc_nano.a(libc_a-msizer.o)
 .ARM.attributes
                0x0000098b       0x20 C:/ST/STM32CubeIDE_2.2.0/STM32CubeIDE/plugins/com.st.stm32cube.ide.mcu.externaltools.gnu-tools-for-stm32.14.3.rel1.win32_1.0.100.202602081740/tools/bin/../lib/gcc/arm-none-eabi/14.3.1/thumb/v7e-m+dp/hard\libgcc.a(_aeabi_uldivmod.o)
 .ARM.attributes
                0x000009ab       0x32 C:/ST/STM32CubeIDE_2.2.0/STM32CubeIDE/plugins/com.st.stm32cube.ide.mcu.externaltools.gnu-tools-for-stm32.14.3.rel1.win32_1.0.100.202602081740/tools/bin/../lib/gcc/arm-none-eabi/14.3.1/thumb/v7e-m+dp/hard\libgcc.a(_udivmoddi4.o)
 .ARM.attributes
                0x000009dd       0x20 C:/ST/STM32CubeIDE_2.2.0/STM32CubeIDE/plugins/com.st.stm32cube.ide.mcu.externaltools.gnu-tools-for-stm32.14.3.rel1.win32_1.0.100.202602081740/tools/bin/../lib/gcc/arm-none-eabi/14.3.1/thumb/v7e-m+dp/hard\libgcc.a(_dvmd_tls.o)
 .ARM.attributes
                0x000009fd       0x20 C:/ST/STM32CubeIDE_2.2.0/STM32CubeIDE/plugins/com.st.stm32cube.ide.mcu.externaltools.gnu-tools-for-stm32.14.3.rel1.win32_1.0.100.202602081740/tools/bin/../lib/gcc/arm-none-eabi/14.3.1/thumb/v7e-m+dp/hard/crtn.o
OUTPUT(ov2640.elf elf32-littlearm)
LOAD linker stubs
LOAD C:/ST/STM32CubeIDE_2.2.0/STM32CubeIDE/plugins/com.st.stm32cube.ide.mcu.externaltools.gnu-tools-for-stm32.14.3.rel1.win32_1.0.100.202602081740/tools/bin/../lib/gcc/arm-none-eabi/14.3.1/../../../../arm-none-eabi/lib/thumb/v7e-m+dp/hard\libc.a
LOAD C:/ST/STM32CubeIDE_2.2.0/STM32CubeIDE/plugins/com.st.stm32cube.ide.mcu.externaltools.gnu-tools-for-stm32.14.3.rel1.win32_1.0.100.202602081740/tools/bin/../lib/gcc/arm-none-eabi/14.3.1/../../../../arm-none-eabi/lib/thumb/v7e-m+dp/hard\libm.a
LOAD C:/ST/STM32CubeIDE_2.2.0/STM32CubeIDE/plugins/com.st.stm32cube.ide.mcu.externaltools.gnu-tools-for-stm32.14.3.rel1.win32_1.0.100.202602081740/tools/bin/../lib/gcc/arm-none-eabi/14.3.1/thumb/v7e-m+dp/hard\libgcc.a

.debug_info     0x00000000    0x1e1b3
 .debug_info    0x00000000     0x1106 ./Core/Src/dcmi.o
 .debug_info    0x00001106      0x823 ./Core/Src/dma.o
 .debug_info    0x00001929      0x684 ./Core/Src/gpio.o
 .debug_info    0x00001fad      0xff7 ./Core/Src/i2c.o
 .debug_info    0x00002fa4     0x18d4 ./Core/Src/main.o
 .debug_info    0x00004878      0x3a7 ./Core/Src/ov2640.o
 .debug_info    0x00004c1f      0x81e ./Core/Src/ov2640_io.o
 .debug_info    0x0000543d      0x464 ./Core/Src/stm32h7xx_hal_msp.o
 .debug_info    0x000058a1      0x734 ./Core/Src/stm32h7xx_it.o
 .debug_info    0x00005fd5      0x168 ./Core/Src/sysmem.o
 .debug_info    0x0000613d      0xdc1 ./Core/Src/system_stm32h7xx.o
 .debug_info    0x00006efe      0xf53 ./Core/Src/tim.o
 .debug_info    0x00007e51     0x10b4 ./Core/Src/usart.o
 .debug_info    0x00008f05       0x30 ./Core/Startup/startup_stm32h743xihx.o
 .debug_info    0x00008f35     0x153b ./Drivers/STM32H7xx_HAL_Driver/Src/stm32h7xx_hal.o
 .debug_info    0x0000a470     0x10be ./Drivers/STM32H7xx_HAL_Driver/Src/stm32h7xx_hal_cortex.o
 .debug_info    0x0000b52e      0xc27 ./Drivers/STM32H7xx_HAL_Driver/Src/stm32h7xx_hal_dcmi.o
 .debug_info    0x0000c155      0xc31 ./Drivers/STM32H7xx_HAL_Driver/Src/stm32h7xx_hal_dma.o
 .debug_info    0x0000cd86      0x831 ./Drivers/STM32H7xx_HAL_Driver/Src/stm32h7xx_hal_dma_ex.o
 .debug_info    0x0000d5b7      0xc5a ./Drivers/STM32H7xx_HAL_Driver/Src/stm32h7xx_hal_gpio.o
 .debug_info    0x0000e211     0x22ba ./Drivers/STM32H7xx_HAL_Driver/Src/stm32h7xx_hal_i2c.o
 .debug_info    0x000104cb      0xd84 ./Drivers/STM32H7xx_HAL_Driver/Src/stm32h7xx_hal_i2c_ex.o
 .debug_info    0x0001124f     0x1021 ./Drivers/STM32H7xx_HAL_Driver/Src/stm32h7xx_hal_pwr_ex.o
 .debug_info    0x00012270      0xe74 ./Drivers/STM32H7xx_HAL_Driver/Src/stm32h7xx_hal_rcc.o
 .debug_info    0x000130e4     0x1225 ./Drivers/STM32H7xx_HAL_Driver/Src/stm32h7xx_hal_rcc_ex.o
 .debug_info    0x00014309     0x2bae ./Drivers/STM32H7xx_HAL_Driver/Src/stm32h7xx_hal_tim.o
 .debug_info    0x00016eb7     0x17eb ./Drivers/STM32H7xx_HAL_Driver/Src/stm32h7xx_hal_tim_ex.o
 .debug_info    0x000186a2     0x4b53 ./Drivers/STM32H7xx_HAL_Driver/Src/stm32h7xx_hal_uart.o
 .debug_info    0x0001d1f5      0xfbe ./Drivers/STM32H7xx_HAL_Driver/Src/stm32h7xx_hal_uart_ex.o

.debug_abbrev   0x00000000     0x3d53
 .debug_abbrev  0x00000000      0x243 ./Core/Src/dcmi.o
 .debug_abbrev  0x00000243      0x11e ./Core/Src/dma.o
 .debug_abbrev  0x00000361      0x189 ./Core/Src/gpio.o
 .debug_abbrev  0x000004ea      0x24c ./Core/Src/i2c.o
 .debug_abbrev  0x00000736      0x41a ./Core/Src/main.o
 .debug_abbrev  0x00000b50      0x1c5 ./Core/Src/ov2640.o
 .debug_abbrev  0x00000d15      0x1ce ./Core/Src/ov2640_io.o
 .debug_abbrev  0x00000ee3       0xdb ./Core/Src/stm32h7xx_hal_msp.o
 .debug_abbrev  0x00000fbe      0x16b ./Core/Src/stm32h7xx_it.o
 .debug_abbrev  0x00001129       0xbc ./Core/Src/sysmem.o
 .debug_abbrev  0x000011e5      0x165 ./Core/Src/system_stm32h7xx.o
 .debug_abbrev  0x0000134a      0x243 ./Core/Src/tim.o
 .debug_abbrev  0x0000158d      0x241 ./Core/Src/usart.o
 .debug_abbrev  0x000017ce       0x24 ./Core/Startup/startup_stm32h743xihx.o
 .debug_abbrev  0x000017f2      0x295 ./Drivers/STM32H7xx_HAL_Driver/Src/stm32h7xx_hal.o
 .debug_abbrev  0x00001a87      0x339 ./Drivers/STM32H7xx_HAL_Driver/Src/stm32h7xx_hal_cortex.o
 .debug_abbrev  0x00001dc0      0x24a ./Drivers/STM32H7xx_HAL_Driver/Src/stm32h7xx_hal_dcmi.o
 .debug_abbrev  0x0000200a      0x248 ./Drivers/STM32H7xx_HAL_Driver/Src/stm32h7xx_hal_dma.o
 .debug_abbrev  0x00002252      0x1cc ./Drivers/STM32H7xx_HAL_Driver/Src/stm32h7xx_hal_dma_ex.o
 .debug_abbrev  0x0000241e      0x205 ./Drivers/STM32H7xx_HAL_Driver/Src/stm32h7xx_hal_gpio.o
 .debug_abbrev  0x00002623      0x25d ./Drivers/STM32H7xx_HAL_Driver/Src/stm32h7xx_hal_i2c.o
 .debug_abbrev  0x00002880      0x1f5 ./Drivers/STM32H7xx_HAL_Driver/Src/stm32h7xx_hal_i2c_ex.o
 .debug_abbrev  0x00002a75      0x2a7 ./Drivers/STM32H7xx_HAL_Driver/Src/stm32h7xx_hal_pwr_ex.o
 .debug_abbrev  0x00002d1c      0x2c8 ./Drivers/STM32H7xx_HAL_Driver/Src/stm32h7xx_hal_rcc.o
 .debug_abbrev  0x00002fe4      0x269 ./Drivers/STM32H7xx_HAL_Driver/Src/stm32h7xx_hal_rcc_ex.o
 .debug_abbrev  0x0000324d      0x276 ./Drivers/STM32H7xx_HAL_Driver/Src/stm32h7xx_hal_tim.o
 .debug_abbrev  0x000034c3      0x281 ./Drivers/STM32H7xx_HAL_Driver/Src/stm32h7xx_hal_tim_ex.o
 .debug_abbrev  0x00003744      0x33d ./Drivers/STM32H7xx_HAL_Driver/Src/stm32h7xx_hal_uart.o
 .debug_abbrev  0x00003a81      0x2d2 ./Drivers/STM32H7xx_HAL_Driver/Src/stm32h7xx_hal_uart_ex.o

.debug_aranges  0x00000000     0x15e8
 .debug_aranges
                0x00000000       0x30 ./Core/Src/dcmi.o
 .debug_aranges
                0x00000030       0x20 ./Core/Src/dma.o
 .debug_aranges
                0x00000050       0x20 ./Core/Src/gpio.o
 .debug_aranges
                0x00000070       0x30 ./Core/Src/i2c.o
 .debug_aranges
                0x000000a0       0x70 ./Core/Src/main.o
 .debug_aranges
                0x00000110       0x38 ./Core/Src/ov2640.o
 .debug_aranges
                0x00000148       0x38 ./Core/Src/ov2640_io.o
 .debug_aranges
                0x00000180       0x20 ./Core/Src/stm32h7xx_hal_msp.o
 .debug_aranges
                0x000001a0       0x70 ./Core/Src/stm32h7xx_it.o
 .debug_aranges
                0x00000210       0x20 ./Core/Src/sysmem.o
 .debug_aranges
                0x00000230       0x30 ./Core/Src/system_stm32h7xx.o
 .debug_aranges
                0x00000260       0x38 ./Core/Src/tim.o
 .debug_aranges
                0x00000298       0x30 ./Core/Src/usart.o
 .debug_aranges
                0x000002c8       0x28 ./Core/Startup/startup_stm32h743xihx.o
 .debug_aranges
                0x000002f0      0x198 ./Drivers/STM32H7xx_HAL_Driver/Src/stm32h7xx_hal.o
 .debug_aranges
                0x00000488      0x130 ./Drivers/STM32H7xx_HAL_Driver/Src/stm32h7xx_hal_cortex.o
 .debug_aranges
                0x000005b8       0xc0 ./Drivers/STM32H7xx_HAL_Driver/Src/stm32h7xx_hal_dcmi.o
 .debug_aranges
                0x00000678       0xa0 ./Drivers/STM32H7xx_HAL_Driver/Src/stm32h7xx_hal_dma.o
 .debug_aranges
                0x00000718       0x60 ./Drivers/STM32H7xx_HAL_Driver/Src/stm32h7xx_hal_dma_ex.o
 .debug_aranges
                0x00000778       0x58 ./Drivers/STM32H7xx_HAL_Driver/Src/stm32h7xx_hal_gpio.o
 .debug_aranges
                0x000007d0      0x2a0 ./Drivers/STM32H7xx_HAL_Driver/Src/stm32h7xx_hal_i2c.o
 .debug_aranges
                0x00000a70       0x48 ./Drivers/STM32H7xx_HAL_Driver/Src/stm32h7xx_hal_i2c_ex.o
 .debug_aranges
                0x00000ab8      0x158 ./Drivers/STM32H7xx_HAL_Driver/Src/stm32h7xx_hal_pwr_ex.o
 .debug_aranges
                0x00000c10       0x88 ./Drivers/STM32H7xx_HAL_Driver/Src/stm32h7xx_hal_rcc.o
 .debug_aranges
                0x00000c98       0xf8 ./Drivers/STM32H7xx_HAL_Driver/Src/stm32h7xx_hal_rcc_ex.o
 .debug_aranges
                0x00000d90      0x3e0 ./Drivers/STM32H7xx_HAL_Driver/Src/stm32h7xx_hal_tim.o
 .debug_aranges
                0x00001170      0x188 ./Drivers/STM32H7xx_HAL_Driver/Src/stm32h7xx_hal_tim_ex.o
 .debug_aranges
                0x000012f8      0x248 ./Drivers/STM32H7xx_HAL_Driver/Src/stm32h7xx_hal_uart.o
 .debug_aranges
                0x00001540       0xa8 ./Drivers/STM32H7xx_HAL_Driver/Src/stm32h7xx_hal_uart_ex.o

.debug_rnglists
                0x00000000     0x1117
 .debug_rnglists
                0x00000000       0x21 ./Core/Src/dcmi.o
 .debug_rnglists
                0x00000021       0x13 ./Core/Src/dma.o
 .debug_rnglists
                0x00000034       0x14 ./Core/Src/gpio.o
 .debug_rnglists
                0x00000048       0x21 ./Core/Src/i2c.o
 .debug_rnglists
                0x00000069       0x51 ./Core/Src/main.o
 .debug_rnglists
                0x000000ba       0x28 ./Core/Src/ov2640.o
 .debug_rnglists
                0x000000e2       0x25 ./Core/Src/ov2640_io.o
 .debug_rnglists
                0x00000107       0x13 ./Core/Src/stm32h7xx_hal_msp.o
 .debug_rnglists
                0x0000011a       0x4f ./Core/Src/stm32h7xx_it.o
 .debug_rnglists
                0x00000169       0x13 ./Core/Src/sysmem.o
 .debug_rnglists
                0x0000017c       0x21 ./Core/Src/system_stm32h7xx.o
 .debug_rnglists
                0x0000019d       0x27 ./Core/Src/tim.o
 .debug_rnglists
                0x000001c4       0x21 ./Core/Src/usart.o
 .debug_rnglists
                0x000001e5       0x19 ./Core/Startup/startup_stm32h743xihx.o
 .debug_rnglists
                0x000001fe      0x131 ./Drivers/STM32H7xx_HAL_Driver/Src/stm32h7xx_hal.o
 .debug_rnglists
                0x0000032f       0xe0 ./Drivers/STM32H7xx_HAL_Driver/Src/stm32h7xx_hal_cortex.o
 .debug_rnglists
                0x0000040f       0x91 ./Drivers/STM32H7xx_HAL_Driver/Src/stm32h7xx_hal_dcmi.o
 .debug_rnglists
                0x000004a0       0x82 ./Drivers/STM32H7xx_HAL_Driver/Src/stm32h7xx_hal_dma.o
 .debug_rnglists
                0x00000522       0x4a ./Drivers/STM32H7xx_HAL_Driver/Src/stm32h7xx_hal_dma_ex.o
 .debug_rnglists
                0x0000056c       0x3f ./Drivers/STM32H7xx_HAL_Driver/Src/stm32h7xx_hal_gpio.o
 .debug_rnglists
                0x000005ab      0x22a ./Drivers/STM32H7xx_HAL_Driver/Src/stm32h7xx_hal_i2c.o
 .debug_rnglists
                0x000007d5       0x35 ./Drivers/STM32H7xx_HAL_Driver/Src/stm32h7xx_hal_i2c_ex.o
 .debug_rnglists
                0x0000080a      0x103 ./Drivers/STM32H7xx_HAL_Driver/Src/stm32h7xx_hal_pwr_ex.o
 .debug_rnglists
                0x0000090d       0x68 ./Drivers/STM32H7xx_HAL_Driver/Src/stm32h7xx_hal_rcc.o
 .debug_rnglists
                0x00000975       0xc0 ./Drivers/STM32H7xx_HAL_Driver/Src/stm32h7xx_hal_rcc_ex.o
 .debug_rnglists
                0x00000a35      0x32c ./Drivers/STM32H7xx_HAL_Driver/Src/stm32h7xx_hal_tim.o
 .debug_rnglists
                0x00000d61      0x13f ./Drivers/STM32H7xx_HAL_Driver/Src/stm32h7xx_hal_tim_ex.o
 .debug_rnglists
                0x00000ea0      0x1f8 ./Drivers/STM32H7xx_HAL_Driver/Src/stm32h7xx_hal_uart.o
 .debug_rnglists
                0x00001098       0x7f ./Drivers/STM32H7xx_HAL_Driver/Src/stm32h7xx_hal_uart_ex.o

.debug_macro    0x00000000    0x3a0d3
 .debug_macro   0x00000000      0x2d6 ./Core/Src/dcmi.o
 .debug_macro   0x000002d6      0xaf6 ./Core/Src/dcmi.o
 .debug_macro   0x00000dcc      0x23e ./Core/Src/dcmi.o
 .debug_macro   0x0000100a       0x2e ./Core/Src/dcmi.o
 .debug_macro   0x00001038       0x3b ./Core/Src/dcmi.o
 .debug_macro   0x00001073       0x22 ./Core/Src/dcmi.o
 .debug_macro   0x00001095       0x8e ./Core/Src/dcmi.o
 .debug_macro   0x00001123       0x51 ./Core/Src/dcmi.o
 .debug_macro   0x00001174      0x103 ./Core/Src/dcmi.o
 .debug_macro   0x00001277       0x6a ./Core/Src/dcmi.o
 .debug_macro   0x000012e1      0x1df ./Core/Src/dcmi.o
 .debug_macro   0x000014c0       0x1c ./Core/Src/dcmi.o
 .debug_macro   0x000014dc       0x22 ./Core/Src/dcmi.o
 .debug_macro   0x000014fe       0xfb ./Core/Src/dcmi.o
 .debug_macro   0x000015f9     0x1313 ./Core/Src/dcmi.o
 .debug_macro   0x0000290c      0x11f ./Core/Src/dcmi.o
 .debug_macro   0x00002a2b       0x22 ./Core/Src/dcmi.o
 .debug_macro   0x00002a4d    0x25bb3 ./Core/Src/dcmi.o
 .debug_macro   0x00028600       0x6d ./Core/Src/dcmi.o
 .debug_macro   0x0002866d     0x3d79 ./Core/Src/dcmi.o
 .debug_macro   0x0002c3e6      0x190 ./Core/Src/dcmi.o
 .debug_macro   0x0002c576       0x61 ./Core/Src/dcmi.o
 .debug_macro   0x0002c5d7       0x29 ./Core/Src/dcmi.o
 .debug_macro   0x0002c600       0x43 ./Core/Src/dcmi.o
 .debug_macro   0x0002c643       0x34 ./Core/Src/dcmi.o
 .debug_macro   0x0002c677      0x364 ./Core/Src/dcmi.o
 .debug_macro   0x0002c9db       0x16 ./Core/Src/dcmi.o
 .debug_macro   0x0002c9f1       0x4a ./Core/Src/dcmi.o
 .debug_macro   0x0002ca3b       0x34 ./Core/Src/dcmi.o
 .debug_macro   0x0002ca6f       0x10 ./Core/Src/dcmi.o
 .debug_macro   0x0002ca7f       0x58 ./Core/Src/dcmi.o
 .debug_macro   0x0002cad7       0x8e ./Core/Src/dcmi.o
 .debug_macro   0x0002cb65       0x1c ./Core/Src/dcmi.o
 .debug_macro   0x0002cb81      0x17e ./Core/Src/dcmi.o
 .debug_macro   0x0002ccff      0x19b ./Core/Src/dcmi.o
 .debug_macro   0x0002ce9a       0x5d ./Core/Src/dcmi.o
 .debug_macro   0x0002cef7     0x2382 ./Core/Src/dcmi.o
 .debug_macro   0x0002f279     0x102c ./Core/Src/dcmi.o
 .debug_macro   0x000302a5      0x154 ./Core/Src/dcmi.o
 .debug_macro   0x000303f9      0x114 ./Core/Src/dcmi.o
 .debug_macro   0x0003050d      0x3b6 ./Core/Src/dcmi.o
 .debug_macro   0x000308c3       0xac ./Core/Src/dcmi.o
 .debug_macro   0x0003096f      0x72d ./Core/Src/dcmi.o
 .debug_macro   0x0003109c      0x228 ./Core/Src/dcmi.o
 .debug_macro   0x000312c4       0x66 ./Core/Src/dcmi.o
 .debug_macro   0x0003132a      0x3bb ./Core/Src/dcmi.o
 .debug_macro   0x000316e5      0x22c ./Core/Src/dcmi.o
 .debug_macro   0x00031911      0x3e4 ./Core/Src/dcmi.o
 .debug_macro   0x00031cf5      0x275 ./Core/Src/dcmi.o
 .debug_macro   0x00031f6a      0x3ca ./Core/Src/dcmi.o
 .debug_macro   0x00032334      0x408 ./Core/Src/dcmi.o
 .debug_macro   0x0003273c       0x51 ./Core/Src/dcmi.o
 .debug_macro   0x0003278d       0x4a ./Core/Src/dcmi.o
 .debug_macro   0x000327d7      0x22c ./Core/Src/dcmi.o
 .debug_macro   0x00032a03       0x67 ./Core/Src/dcmi.o
 .debug_macro   0x00032a6a       0xa5 ./Core/Src/dcmi.o
 .debug_macro   0x00032b0f      0x1c4 ./Core/Src/dcmi.o
 .debug_macro   0x00032cd3      0x25e ./Core/Src/dcmi.o
 .debug_macro   0x00032f31       0x35 ./Core/Src/dcmi.o
 .debug_macro   0x00032f66      0xafa ./Core/Src/dcmi.o
 .debug_macro   0x00033a60      0x29f ./Core/Src/dcmi.o
 .debug_macro   0x00033cff      0x693 ./Core/Src/dcmi.o
 .debug_macro   0x00034392       0xa6 ./Core/Src/dcmi.o
 .debug_macro   0x00034438      0x5ac ./Core/Src/dcmi.o
 .debug_macro   0x000349e4       0x1c ./Core/Src/dcmi.o
 .debug_macro   0x00034a00      0x2d6 ./Core/Src/dma.o
 .debug_macro   0x00034cd6      0x2d6 ./Core/Src/gpio.o
 .debug_macro   0x00034fac      0x2d6 ./Core/Src/i2c.o
 .debug_macro   0x00035282      0x379 ./Core/Src/main.o
 .debug_macro   0x000355fb       0x58 ./Core/Src/main.o
 .debug_macro   0x00035653       0x1c ./Core/Src/main.o
 .debug_macro   0x0003566f       0x3c ./Core/Src/main.o
 .debug_macro   0x000356ab       0x1c ./Core/Src/main.o
 .debug_macro   0x000356c7       0x16 ./Core/Src/main.o
 .debug_macro   0x000356dd      0x146 ./Core/Src/main.o
 .debug_macro   0x00035823      0x32f ./Core/Src/main.o
 .debug_macro   0x00035b52      0x2cc ./Core/Src/ov2640.o
 .debug_macro   0x00035e1e      0x280 ./Core/Src/ov2640.o
 .debug_macro   0x0003609e       0xb3 ./Core/Src/ov2640.o
 .debug_macro   0x00036151      0x2e5 ./Core/Src/ov2640_io.o
 .debug_macro   0x00036436       0x22 ./Core/Src/ov2640_io.o
 .debug_macro   0x00036458      0x2cc ./Core/Src/stm32h7xx_hal_msp.o
 .debug_macro   0x00036724      0x2d6 ./Core/Src/stm32h7xx_it.o
 .debug_macro   0x000369fa      0x116 ./Core/Src/sysmem.o
 .debug_macro   0x00036b10      0x23c ./Core/Src/sysmem.o
 .debug_macro   0x00036d4c      0x2bd ./Core/Src/system_stm32h7xx.o
 .debug_macro   0x00037009      0x2d6 ./Core/Src/tim.o
 .debug_macro   0x000372df      0x2d6 ./Core/Src/usart.o
 .debug_macro   0x000375b5      0x2e7 ./Drivers/STM32H7xx_HAL_Driver/Src/stm32h7xx_hal.o
 .debug_macro   0x0003789c      0x2bd ./Drivers/STM32H7xx_HAL_Driver/Src/stm32h7xx_hal_cortex.o
 .debug_macro   0x00037b59      0x2c4 ./Drivers/STM32H7xx_HAL_Driver/Src/stm32h7xx_hal_dcmi.o
 .debug_macro   0x00037e1d      0x311 ./Drivers/STM32H7xx_HAL_Driver/Src/stm32h7xx_hal_dma.o
 .debug_macro   0x0003812e      0x2bd ./Drivers/STM32H7xx_HAL_Driver/Src/stm32h7xx_hal_dma_ex.o
 .debug_macro   0x000383eb      0x2c4 ./Drivers/STM32H7xx_HAL_Driver/Src/stm32h7xx_hal_gpio.o
 .debug_macro   0x000386af      0x389 ./Drivers/STM32H7xx_HAL_Driver/Src/stm32h7xx_hal_i2c.o
 .debug_macro   0x00038a38      0x2bd ./Drivers/STM32H7xx_HAL_Driver/Src/stm32h7xx_hal_i2c_ex.o
 .debug_macro   0x00038cf5      0x2f6 ./Drivers/STM32H7xx_HAL_Driver/Src/stm32h7xx_hal_pwr_ex.o
 .debug_macro   0x00038feb      0x2e1 ./Drivers/STM32H7xx_HAL_Driver/Src/stm32h7xx_hal_rcc.o
 .debug_macro   0x000392cc      0x2db ./Drivers/STM32H7xx_HAL_Driver/Src/stm32h7xx_hal_rcc_ex.o
 .debug_macro   0x000395a7      0x2be ./Drivers/STM32H7xx_HAL_Driver/Src/stm32h7xx_hal_tim.o
 .debug_macro   0x00039865      0x2bd ./Drivers/STM32H7xx_HAL_Driver/Src/stm32h7xx_hal_tim_ex.o
 .debug_macro   0x00039b22      0x2e8 ./Drivers/STM32H7xx_HAL_Driver/Src/stm32h7xx_hal_uart.o
 .debug_macro   0x00039e0a      0x2c9 ./Drivers/STM32H7xx_HAL_Driver/Src/stm32h7xx_hal_uart_ex.o

.debug_line     0x00000000    0x22569
 .debug_line    0x00000000      0xa01 ./Core/Src/dcmi.o
 .debug_line    0x00000a01      0x906 ./Core/Src/dma.o
 .debug_line    0x00001307      0x948 ./Core/Src/gpio.o
 .debug_line    0x00001c4f      0x9a9 ./Core/Src/i2c.o
 .debug_line    0x000025f8      0xc37 ./Core/Src/main.o
 .debug_line    0x0000322f      0xab6 ./Core/Src/ov2640.o
 .debug_line    0x00003ce5      0x95e ./Core/Src/ov2640_io.o
 .debug_line    0x00004643      0x909 ./Core/Src/stm32h7xx_hal_msp.o
 .debug_line    0x00004f4c      0x9e9 ./Core/Src/stm32h7xx_it.o
 .debug_line    0x00005935      0x58d ./Core/Src/sysmem.o
 .debug_line    0x00005ec2      0xb12 ./Core/Src/system_stm32h7xx.o
 .debug_line    0x000069d4      0x9f8 ./Core/Src/tim.o
 .debug_line    0x000073cc      0x9bf ./Core/Src/usart.o
 .debug_line    0x00007d8b       0x7b ./Core/Startup/startup_stm32h743xihx.o
 .debug_line    0x00007e06      0xee5 ./Drivers/STM32H7xx_HAL_Driver/Src/stm32h7xx_hal.o
 .debug_line    0x00008ceb      0xec8 ./Drivers/STM32H7xx_HAL_Driver/Src/stm32h7xx_hal_cortex.o
 .debug_line    0x00009bb3      0xf4c ./Drivers/STM32H7xx_HAL_Driver/Src/stm32h7xx_hal_dcmi.o
 .debug_line    0x0000aaff     0x2862 ./Drivers/STM32H7xx_HAL_Driver/Src/stm32h7xx_hal_dma.o
 .debug_line    0x0000d361     0x1217 ./Drivers/STM32H7xx_HAL_Driver/Src/stm32h7xx_hal_dma_ex.o
 .debug_line    0x0000e578      0xd7b ./Drivers/STM32H7xx_HAL_Driver/Src/stm32h7xx_hal_gpio.o
 .debug_line    0x0000f2f3     0x3c52 ./Drivers/STM32H7xx_HAL_Driver/Src/stm32h7xx_hal_i2c.o
 .debug_line    0x00012f45      0xa70 ./Drivers/STM32H7xx_HAL_Driver/Src/stm32h7xx_hal_i2c_ex.o
 .debug_line    0x000139b5     0x1066 ./Drivers/STM32H7xx_HAL_Driver/Src/stm32h7xx_hal_pwr_ex.o
 .debug_line    0x00014a1b     0x1589 ./Drivers/STM32H7xx_HAL_Driver/Src/stm32h7xx_hal_rcc.o
 .debug_line    0x00015fa4     0x1e95 ./Drivers/STM32H7xx_HAL_Driver/Src/stm32h7xx_hal_rcc_ex.o
 .debug_line    0x00017e39     0x40ba ./Drivers/STM32H7xx_HAL_Driver/Src/stm32h7xx_hal_tim.o
 .debug_line    0x0001bef3     0x1da8 ./Drivers/STM32H7xx_HAL_Driver/Src/stm32h7xx_hal_tim_ex.o
 .debug_line    0x0001dc9b     0x3a60 ./Drivers/STM32H7xx_HAL_Driver/Src/stm32h7xx_hal_uart.o
 .debug_line    0x000216fb      0xe6e ./Drivers/STM32H7xx_HAL_Driver/Src/stm32h7xx_hal_uart_ex.o

.debug_str      0x00000000   0x1678a8
 .debug_str     0x00000000   0x1678a8 ./Core/Src/dcmi.o
                             0x15f71f (size before relaxing)
 .debug_str     0x001678a8   0x15f06b ./Core/Src/dma.o
 .debug_str     0x001678a8   0x15e8fc ./Core/Src/gpio.o
 .debug_str     0x001678a8   0x15f292 ./Core/Src/i2c.o
 .debug_str     0x001678a8   0x160951 ./Core/Src/main.o
 .debug_str     0x001678a8   0x15f344 ./Core/Src/ov2640.o
 .debug_str     0x001678a8   0x15f8f3 ./Core/Src/ov2640_io.o
 .debug_str     0x001678a8   0x15e81f ./Core/Src/stm32h7xx_hal_msp.o
 .debug_str     0x001678a8   0x15ec23 ./Core/Src/stm32h7xx_it.o
 .debug_str     0x001678a8     0x7753 ./Core/Src/sysmem.o
 .debug_str     0x001678a8   0x15eb37 ./Core/Src/system_stm32h7xx.o
 .debug_str     0x001678a8   0x15f132 ./Core/Src/tim.o
 .debug_str     0x001678a8   0x15f2a2 ./Core/Src/usart.o
 .debug_str     0x001678a8       0x6d ./Core/Startup/startup_stm32h743xihx.o
 .debug_str     0x001678a8   0x15fa07 ./Drivers/STM32H7xx_HAL_Driver/Src/stm32h7xx_hal.o
 .debug_str     0x001678a8   0x15f449 ./Drivers/STM32H7xx_HAL_Driver/Src/stm32h7xx_hal_cortex.o
 .debug_str     0x001678a8   0x15ee37 ./Drivers/STM32H7xx_HAL_Driver/Src/stm32h7xx_hal_dcmi.o
 .debug_str     0x001678a8   0x15f22b ./Drivers/STM32H7xx_HAL_Driver/Src/stm32h7xx_hal_dma.o
 .debug_str     0x001678a8   0x15ebb8 ./Drivers/STM32H7xx_HAL_Driver/Src/stm32h7xx_hal_dma_ex.o
 .debug_str     0x001678a8   0x15eaa8 ./Drivers/STM32H7xx_HAL_Driver/Src/stm32h7xx_hal_gpio.o
 .debug_str     0x001678a8   0x15fb49 ./Drivers/STM32H7xx_HAL_Driver/Src/stm32h7xx_hal_i2c.o
 .debug_str     0x001678a8   0x15eeed ./Drivers/STM32H7xx_HAL_Driver/Src/stm32h7xx_hal_i2c_ex.o
 .debug_str     0x001678a8   0x15ef70 ./Drivers/STM32H7xx_HAL_Driver/Src/stm32h7xx_hal_pwr_ex.o
 .debug_str     0x001678a8   0x15ee8c ./Drivers/STM32H7xx_HAL_Driver/Src/stm32h7xx_hal_rcc.o
 .debug_str     0x001678a8   0x15f36d ./Drivers/STM32H7xx_HAL_Driver/Src/stm32h7xx_hal_rcc_ex.o
 .debug_str     0x001678a8   0x15fc2b ./Drivers/STM32H7xx_HAL_Driver/Src/stm32h7xx_hal_tim.o
 .debug_str     0x001678a8   0x15f553 ./Drivers/STM32H7xx_HAL_Driver/Src/stm32h7xx_hal_tim_ex.o
 .debug_str     0x001678a8   0x15f9cd ./Drivers/STM32H7xx_HAL_Driver/Src/stm32h7xx_hal_uart.o
 .debug_str     0x001678a8   0x15ef8d ./Drivers/STM32H7xx_HAL_Driver/Src/stm32h7xx_hal_uart_ex.o

.comment        0x00000000       0x43
 .comment       0x00000000       0x43 ./Core/Src/dcmi.o
                                 0x44 (size before relaxing)
 .comment       0x00000043       0x44 ./Core/Src/dma.o
 .comment       0x00000043       0x44 ./Core/Src/gpio.o
 .comment       0x00000043       0x44 ./Core/Src/i2c.o
 .comment       0x00000043       0x44 ./Core/Src/main.o
 .comment       0x00000043       0x44 ./Core/Src/ov2640.o
 .comment       0x00000043       0x44 ./Core/Src/ov2640_io.o
 .comment       0x00000043       0x44 ./Core/Src/stm32h7xx_hal_msp.o
 .comment       0x00000043       0x44 ./Core/Src/stm32h7xx_it.o
 .comment       0x00000043       0x44 ./Core/Src/sysmem.o
 .comment       0x00000043       0x44 ./Core/Src/system_stm32h7xx.o
 .comment       0x00000043       0x44 ./Core/Src/tim.o
 .comment       0x00000043       0x44 ./Core/Src/usart.o
 .comment       0x00000043       0x44 ./Drivers/STM32H7xx_HAL_Driver/Src/stm32h7xx_hal.o
 .comment       0x00000043       0x44 ./Drivers/STM32H7xx_HAL_Driver/Src/stm32h7xx_hal_cortex.o
 .comment       0x00000043       0x44 ./Drivers/STM32H7xx_HAL_Driver/Src/stm32h7xx_hal_dcmi.o
 .comment       0x00000043       0x44 ./Drivers/STM32H7xx_HAL_Driver/Src/stm32h7xx_hal_dma.o
 .comment       0x00000043       0x44 ./Drivers/STM32H7xx_HAL_Driver/Src/stm32h7xx_hal_dma_ex.o
 .comment       0x00000043       0x44 ./Drivers/STM32H7xx_HAL_Driver/Src/stm32h7xx_hal_gpio.o
 .comment       0x00000043       0x44 ./Drivers/STM32H7xx_HAL_Driver/Src/stm32h7xx_hal_i2c.o