../Core/Src/main.c:91:13:Send_FeaturesToPC	32	static
../Core/Src/main.c:102:6:UART_Printf	272	static
../Core/Src/main.c:120:13:Camera_StartCapture	8	static
../Core/Src/main.c:128:6:Camera_SetMode	16	static
../Core/Src/main.c:143:13:Camera_SendFrameToPC	8	static
../Core/Src/main.c:170:5:main	24	static,ignoring_inline_asm
../Core/Src/main.c:266:6:SystemClock_Config	120	static
../Core/Src/main.c:324:6:HAL_DCMI_FrameEventCallback	16	static
../Core/Src/main.c:329:6:HAL_DCMI_ErrorCallback	16	static
../Core/Src/main.c:338:6:MPU_Config	8	static
../Core/Src/main.c:353:6:Error_Handler	4	static,ignoring_inline_asm
